../Drivers/CMSIS/Include/core_cm4.h:2064:26:ITM_SendChar	16	static,ignoring_inline_asm
../Core/Src/main.c:105:6:PCA9685_SetBit	48	static
../Core/Src/main.c:125:6:PCA9685_SetPWMFrequency	40	static
../Core/Src/main.c:139:6:PCA9685_Init	16	static
../Core/Src/main.c:146:6:PCA9685_SetPWM	48	static
../Core/Src/main.c:163:6:PCA9685_SetServoAngle	24	static
../Core/Src/main.c:172:6:PCA9685_SetOutputMode	40	static
../Core/Src/main.c:180:6:microDelay	16	static
../Core/Src/main.c:194:6:delayMilliseconds	24	static
../Core/Src/main.c:208:5:main	8	static
../Core/Src/main.c:353:6:SystemClock_Config	88	static
../Core/Src/main.c:400:13:MX_I2C1_Init	8	static
../Core/Src/main.c:434:13:MX_TIM3_Init	32	static
../Core/Src/main.c:479:13:MX_GPIO_Init	48	static
../Core/Src/main.c:548:5:_write	32	static
../Core/Src/main.c:560:6:HAL_GPIO_EXTI_Callback	16	static
../Core/Src/main.c:608:6:Error_Handler	4	static,ignoring_inline_asm
