17:17:29 **** Incremental Build of configuration Debug for project capstone ****
make -j7 all 
arm-none-eabi-gcc "../Core/Src/main.c" -mcpu=cortex-m4 -std=gnu11 -g3 -DDEBUG -DUSE_HAL_DRIVER -DSTM32F401xE -c -I../Core/Inc -I../Drivers/STM32F4xx_HAL_Driver/Inc -I../Drivers/STM32F4xx_HAL_Driver/Inc/Legacy -I../Drivers/CMSIS/Device/ST/STM32F4xx/Include -I../Drivers/CMSIS/Include -O0 -ffunction-sections -fdata-sections -Wall -fstack-usage -fcyclomatic-complexity -MMD -MP -MF"Core/Src/main.d" -MT"Core/Src/main.o" --specs=nano.specs -mfpu=fpv4-sp-d16 -mfloat-abi=hard -mthumb -o "Core/Src/main.o"
../Core/Src/main.c: In function 'PCA9685_SetBit':
../Core/Src/main.c:106:11: warning: implicit declaration of function 'printf' [-Wimplicit-function-declaration]
  106 |           printf("I2C FAIL: Read bit reg 0x%02X\n", Register);
      |           ^~~~~~
../Core/Src/main.c:21:1: note: include '<stdio.h>' or provide a declaration of 'printf'
   20 | #include "main.h"
  +++ |+#include <stdio.h>
   21 | 
../Core/Src/main.c:106:11: warning: incompatible implicit declaration of built-in function 'printf' [-Wbuiltin-declaration-mismatch]
  106 |           printf("I2C FAIL: Read bit reg 0x%02X\n", Register);
      |           ^~~~~~
../Core/Src/main.c:106:11: note: include '<stdio.h>' or provide a declaration of 'printf'
../Core/Src/main.c: In function 'PCA9685_SetPWMFrequency':
../Core/Src/main.c:126:11: error: too few arguments to function 'PCA9685_SetBit'
  126 |           PCA9685_SetBit(PCA9685_MODE1, PCA9685_MODE1_SLEEP_BIT, 1);
      |           ^~~~~~~~~~~~~~
../Core/Src/main.c:98:6: note: declared here
   98 | void PCA9685_SetBit(uint8_t devAddr, uint8_t Register, uint8_t Bit, uint8_t Value)
      |      ^~~~~~~~~~~~~~
../Core/Src/main.c:128:11: error: too few arguments to function 'PCA9685_SetBit'
  128 |           PCA9685_SetBit(PCA9685_MODE1, PCA9685_MODE1_SLEEP_BIT, 0);
      |           ^~~~~~~~~~~~~~
../Core/Src/main.c:98:6: note: declared here
   98 | void PCA9685_SetBit(uint8_t devAddr, uint8_t Register, uint8_t Bit, uint8_t Value)
      |      ^~~~~~~~~~~~~~
../Core/Src/main.c:129:11: error: too few arguments to function 'PCA9685_SetBit'
  129 |           PCA9685_SetBit(PCA9685_MODE1, PCA9685_MODE1_RESTART_BIT, 1);
      |           ^~~~~~~~~~~~~~
../Core/Src/main.c:98:6: note: declared here
   98 | void PCA9685_SetBit(uint8_t devAddr, uint8_t Register, uint8_t Bit, uint8_t Value)
      |      ^~~~~~~~~~~~~~
../Core/Src/main.c: In function 'PCA9685_SetPWM':
../Core/Src/main.c:151:11: warning: incompatible implicit declaration of built-in function 'printf' [-Wbuiltin-declaration-mismatch]
  151 |           printf("I2C FAIL: PWM write ch %d\n", Channel);
      |           ^~~~~~
../Core/Src/main.c:151:11: note: include '<stdio.h>' or provide a declaration of 'printf'
../Core/Src/main.c: In function 'main':
../Core/Src/main.c:252:19: warning: implicit declaration of function 'memcpy' [-Wimplicit-function-declaration]
  252 |                   memcpy(&depth[i / COLS][i % COLS], &rx_buffer[i*4], sizeof(float));
      |                   ^~~~~~
../Core/Src/main.c:21:1: note: include '<string.h>' or provide a declaration of 'memcpy'
   20 | #include "main.h"
  +++ |+#include <string.h>
   21 | 
../Core/Src/main.c:252:19: warning: incompatible implicit declaration of built-in function 'memcpy' [-Wbuiltin-declaration-mismatch]
  252 |                   memcpy(&depth[i / COLS][i % COLS], &rx_buffer[i*4], sizeof(float));
      |                   ^~~~~~
../Core/Src/main.c:252:19: note: include '<string.h>' or provide a declaration of 'memcpy'
make: *** [Core/Src/subdir.mk:34: Core/Src/main.o] Error 1
"make -j7 all" terminated with exit code 2. Build might be incomplete.
17:17:51 **** Incremental Build of configuration Debug for project capstone ****
make -j7 all 
arm-none-eabi-gcc "../Core/Src/main.c" -mcpu=cortex-m4 -std=gnu11 -g3 -DDEBUG -DUSE_HAL_DRIVER -DSTM32F401xE -c -I../Core/Inc -I../Drivers/STM32F4xx_HAL_Driver/Inc -I../Drivers/STM32F4xx_HAL_Driver/Inc/Legacy -I../Drivers/CMSIS/Device/ST/STM32F4xx/Include -I../Drivers/CMSIS/Include -O0 -ffunction-sections -fdata-sections -Wall -fstack-usage -fcyclomatic-complexity -MMD -MP -MF"Core/Src/main.d" -MT"Core/Src/main.o" --specs=nano.specs -mfpu=fpv4-sp-d16 -mfloat-abi=hard -mthumb -o "Core/Src/main.o"
../Core/Src/main.c: In function 'PCA9685_SetBit':
../Core/Src/main.c:107:11: warning: implicit declaration of function 'printf' [-Wimplicit-function-declaration]
  107 |           printf("I2C FAIL: Read bit reg 0x%02X\n", Register);
      |           ^~~~~~
../Core/Src/main.c:22:1: note: include '<stdio.h>' or provide a declaration of 'printf'
   21 | #include <string.h>
  +++ |+#include <stdio.h>
   22 | 
../Core/Src/main.c:107:11: warning: incompatible implicit declaration of built-in function 'printf' [-Wbuiltin-declaration-mismatch]
  107 |           printf("I2C FAIL: Read bit reg 0x%02X\n", Register);
      |           ^~~~~~
../Core/Src/main.c:107:11: note: include '<stdio.h>' or provide a declaration of 'printf'
../Core/Src/main.c: In function 'PCA9685_SetPWMFrequency':
../Core/Src/main.c:127:11: error: too few arguments to function 'PCA9685_SetBit'
  127 |           PCA9685_SetBit(PCA9685_MODE1, PCA9685_MODE1_SLEEP_BIT, 1);
      |           ^~~~~~~~~~~~~~
../Core/Src/main.c:99:6: note: declared here
   99 | void PCA9685_SetBit(uint8_t devAddr, uint8_t Register, uint8_t Bit, uint8_t Value)
      |      ^~~~~~~~~~~~~~
../Core/Src/main.c:129:11: error: too few arguments to function 'PCA9685_SetBit'
  129 |           PCA9685_SetBit(PCA9685_MODE1, PCA9685_MODE1_SLEEP_BIT, 0);
      |           ^~~~~~~~~~~~~~
../Core/Src/main.c:99:6: note: declared here
   99 | void PCA9685_SetBit(uint8_t devAddr, uint8_t Register, uint8_t Bit, uint8_t Value)
      |      ^~~~~~~~~~~~~~
../Core/Src/main.c:130:11: error: too few arguments to function 'PCA9685_SetBit'
  130 |           PCA9685_SetBit(PCA9685_MODE1, PCA9685_MODE1_RESTART_BIT, 1);
      |           ^~~~~~~~~~~~~~
../Core/Src/main.c:99:6: note: declared here
   99 | void PCA9685_SetBit(uint8_t devAddr, uint8_t Register, uint8_t Bit, uint8_t Value)
      |      ^~~~~~~~~~~~~~
../Core/Src/main.c: In function 'PCA9685_SetPWM':
../Core/Src/main.c:152:11: warning: incompatible implicit declaration of built-in function 'printf' [-Wbuiltin-declaration-mismatch]
  152 |           printf("I2C FAIL: PWM write ch %d\n", Channel);
      |           ^~~~~~
../Core/Src/main.c:152:11: note: include '<stdio.h>' or provide a declaration of 'printf'
make: *** [Core/Src/subdir.mk:34: Core/Src/main.o] Error 1
"make -j7 all" terminated with exit code 2. Build might be incomplete.
17:18:45 **** Incremental Build of configuration Debug for project capstone ****
make -j7 all 
arm-none-eabi-gcc "../Core/Src/main.c" -mcpu=cortex-m4 -std=gnu11 -g3 -DDEBUG -DUSE_HAL_DRIVER -DSTM32F401xE -c -I../Core/Inc -I../Drivers/STM32F4xx_HAL_Driver/Inc -I../Drivers/STM32F4xx_HAL_Driver/Inc/Legacy -I../Drivers/CMSIS/Device/ST/STM32F4xx/Include -I../Drivers/CMSIS/Include -O0 -ffunction-sections -fdata-sections -Wall -fstack-usage -fcyclomatic-complexity -MMD -MP -MF"Core/Src/main.d" -MT"Core/Src/main.o" --specs=nano.specs -mfpu=fpv4-sp-d16 -mfloat-abi=hard -mthumb -o "Core/Src/main.o"
../Core/Src/main.c: In function 'PCA9685_SetBit':
../Core/Src/main.c:107:11: warning: implicit declaration of function 'printf' [-Wimplicit-function-declaration]
  107 |           printf("I2C FAIL: Read bit reg 0x%02X\n", Register);
      |           ^~~~~~
../Core/Src/main.c:22:1: note: include '<stdio.h>' or provide a declaration of 'printf'
   21 | #include <string.h>
  +++ |+#include <stdio.h>
   22 | 
../Core/Src/main.c:107:11: warning: incompatible implicit declaration of built-in function 'printf' [-Wbuiltin-declaration-mismatch]
  107 |           printf("I2C FAIL: Read bit reg 0x%02X\n", Register);
      |           ^~~~~~
../Core/Src/main.c:107:11: note: include '<stdio.h>' or provide a declaration of 'printf'
../Core/Src/main.c: In function 'PCA9685_SetPWM':
../Core/Src/main.c:152:11: warning: incompatible implicit declaration of built-in function 'printf' [-Wbuiltin-declaration-mismatch]
  152 |           printf("I2C FAIL: PWM write ch %d\n", Channel);
      |           ^~~~~~
../Core/Src/main.c:152:11: note: include '<stdio.h>' or provide a declaration of 'printf'
arm-none-eabi-gcc -o "capstone.elf" @"objects.list"   -mcpu=cortex-m4 -T"/Users/crystalhuang/Documents/capstone/F25-ece-capstone-livepin/stm32/cubeide_workspace2/capstone/STM32F401RETX_FLASH.ld" --specs=nosys.specs -Wl,-Map="capstone.map" -Wl,--gc-sections -static --specs=nano.specs -mfpu=fpv4-sp-d16 -mfloat-abi=hard -mthumb -Wl,--start-group -lc -lm -Wl,--end-group
Finished building target: capstone.elf
 
arm-none-eabi-size  capstone.elf 
arm-none-eabi-objdump -h -S capstone.elf  > "capstone.list"
   text	   data	    bss	    dec	    hex	filename
  22548	    104	  10336	  32988	   80dc	capstone.elf
Finished building: default.size.stdout
 
Finished building: capstone.list
 
17:26:39 **** Incremental Build of configuration Debug for project capstone ****
make -j7 all 
arm-none-eabi-gcc "../Core/Src/main.c" -mcpu=cortex-m4 -std=gnu11 -g3 -DDEBUG -DUSE_HAL_DRIVER -DSTM32F401xE -c -I../Core/Inc -I../Drivers/STM32F4xx_HAL_Driver/Inc -I../Drivers/STM32F4xx_HAL_Driver/Inc/Legacy -I../Drivers/CMSIS/Device/ST/STM32F4xx/Include -I../Drivers/CMSIS/Include -O0 -ffunction-sections -fdata-sections -Wall -fstack-usage -fcyclomatic-complexity -MMD -MP -MF"Core/Src/main.d" -MT"Core/Src/main.o" --specs=nano.specs -mfpu=fpv4-sp-d16 -mfloat-abi=hard -mthumb -o "Core/Src/main.o"
../Core/Src/main.c: In function 'PCA9685_SetBit':
../Core/Src/main.c:107:11: warning: implicit declaration of function 'printf' [-Wimplicit-function-declaration]
  107 |           printf("I2C FAIL: Read bit reg 0x%02X\n", Register);
      |           ^~~~~~
../Core/Src/main.c:22:1: note: include '<stdio.h>' or provide a declaration of 'printf'
   21 | #include <string.h>
  +++ |+#include <stdio.h>
   22 | 
../Core/Src/main.c:107:11: warning: incompatible implicit declaration of built-in function 'printf' [-Wbuiltin-declaration-mismatch]
  107 |           printf("I2C FAIL: Read bit reg 0x%02X\n", Register);
      |           ^~~~~~
../Core/Src/main.c:107:11: note: include '<stdio.h>' or provide a declaration of 'printf'
../Core/Src/main.c: In function 'PCA9685_SetPWM':
../Core/Src/main.c:152:11: warning: incompatible implicit declaration of built-in function 'printf' [-Wbuiltin-declaration-mismatch]
  152 |           printf("I2C FAIL: PWM write ch %d\n", Channel);
      |           ^~~~~~
../Core/Src/main.c:152:11: note: include '<stdio.h>' or provide a declaration of 'printf'
arm-none-eabi-gcc -o "capstone.elf" @"objects.list"   -mcpu=cortex-m4 -T"/Users/crystalhuang/Documents/capstone/F25-ece-capstone-livepin/stm32/cubeide_workspace2/capstone/STM32F401RETX_FLASH.ld" --specs=nosys.specs -Wl,-Map="capstone.map" -Wl,--gc-sections -static --specs=nano.specs -mfpu=fpv4-sp-d16 -mfloat-abi=hard -mthumb -Wl,--start-group -lc -lm -Wl,--end-group
Finished building target: capstone.elf
 
arm-none-eabi-size  capstone.elf 
arm-none-eabi-objdump -h -S capstone.elf  > "capstone.list"
   text	   data	    bss	    dec	    hex	filename
  22616	    104	  10336	  33056	   8120	capstone.elf
Finished building: default.size.stdout
 
Finished building: capstone.list
 
17:32:17 **** Incremental Build of configuration Debug for project capstone ****
make -j7 all 
arm-none-eabi-gcc "../Drivers/STM32F4xx_HAL_Driver/Src/stm32f4xx_hal.c" -mcpu=cortex-m4 -std=gnu11 -g3 -DDEBUG -DUSE_HAL_DRIVER -DSTM32F401xE -c -I../Core/Inc -I../Drivers/STM32F4xx_HAL_Driver/Inc -I../Drivers/STM32F4xx_HAL_Driver/Inc/Legacy -I../Drivers/CMSIS/Device/ST/STM32F4xx/Include -I../Drivers/CMSIS/Include -O0 -ffunction-sections -fdata-sections -Wall -fstack-usage -fcyclomatic-complexity -MMD -MP -MF"Drivers/STM32F4xx_HAL_Driver/Src/stm32f4xx_hal.d" -MT"Drivers/STM32F4xx_HAL_Driver/Src/stm32f4xx_hal.o" --specs=nano.specs -mfpu=fpv4-sp-d16 -mfloat-abi=hard -mthumb -o "Drivers/STM32F4xx_HAL_Driver/Src/stm32f4xx_hal.o"
arm-none-eabi-gcc "../Drivers/STM32F4xx_HAL_Driver/Src/stm32f4xx_hal_cortex.c" -mcpu=cortex-m4 -std=gnu11 -g3 -DDEBUG -DUSE_HAL_DRIVER -DSTM32F401xE -c -I../Core/Inc -I../Drivers/STM32F4xx_HAL_Driver/Inc -I../Drivers/STM32F4xx_HAL_Driver/Inc/Legacy -I../Drivers/CMSIS/Device/ST/STM32F4xx/Include -I../Drivers/CMSIS/Include -O0 -ffunction-sections -fdata-sections -Wall -fstack-usage -fcyclomatic-complexity -MMD -MP -MF"Drivers/STM32F4xx_HAL_Driver/Src/stm32f4xx_hal_cortex.d" -MT"Drivers/STM32F4xx_HAL_Driver/Src/stm32f4xx_hal_cortex.o" --specs=nano.specs -mfpu=fpv4-sp-d16 -mfloat-abi=hard -mthumb -o "Drivers/STM32F4xx_HAL_Driver/Src/stm32f4xx_hal_cortex.o"
arm-none-eabi-gcc "../Drivers/STM32F4xx_HAL_Driver/Src/stm32f4xx_hal_dma.c" -mcpu=cortex-m4 -std=gnu11 -g3 -DDEBUG -DUSE_HAL_DRIVER -DSTM32F401xE -c -I../Core/Inc -I../Drivers/STM32F4xx_HAL_Driver/Inc -I../Drivers/STM32F4xx_HAL_Driver/Inc/Legacy -I../Drivers/CMSIS/Device/ST/STM32F4xx/Include -I../Drivers/CMSIS/Include -O0 -ffunction-sections -fdata-sections -Wall -fstack-usage -fcyclomatic-complexity -MMD -MP -MF"Drivers/STM32F4xx_HAL_Driver/Src/stm32f4xx_hal_dma.d" -MT"Drivers/STM32F4xx_HAL_Driver/Src/stm32f4xx_hal_dma.o" --specs=nano.specs -mfpu=fpv4-sp-d16 -mfloat-abi=hard -mthumb -o "Drivers/STM32F4xx_HAL_Driver/Src/stm32f4xx_hal_dma.o"
arm-none-eabi-gcc "../Drivers/STM32F4xx_HAL_Driver/Src/stm32f4xx_hal_dma_ex.c" -mcpu=cortex-m4 -std=gnu11 -g3 -DDEBUG -DUSE_HAL_DRIVER -DSTM32F401xE -c -I../Core/Inc -I../Drivers/STM32F4xx_HAL_Driver/Inc -I../Drivers/STM32F4xx_HAL_Driver/Inc/Legacy -I../Drivers/CMSIS/Device/ST/STM32F4xx/Include -I../Drivers/CMSIS/Include -O0 -ffunction-sections -fdata-sections -Wall -fstack-usage -fcyclomatic-complexity -MMD -MP -MF"Drivers/STM32F4xx_HAL_Driver/Src/stm32f4xx_hal_dma_ex.d" -MT"Drivers/STM32F4xx_HAL_Driver/Src/stm32f4xx_hal_dma_ex.o" --specs=nano.specs -mfpu=fpv4-sp-d16 -mfloat-abi=hard -mthumb -o "Drivers/STM32F4xx_HAL_Driver/Src/stm32f4xx_hal_dma_ex.o"
arm-none-eabi-gcc "../Drivers/STM32F4xx_HAL_Driver/Src/stm32f4xx_hal_exti.c" -mcpu=cortex-m4 -std=gnu11 -g3 -DDEBUG -DUSE_HAL_DRIVER -DSTM32F401xE -c -I../Core/Inc -I../Drivers/STM32F4xx_HAL_Driver/Inc -I../Drivers/STM32F4xx_HAL_Driver/Inc/Legacy -I../Drivers/CMSIS/Device/ST/STM32F4xx/Include -I../Drivers/CMSIS/Include -O0 -ffunction-sections -fdata-sections -Wall -fstack-usage -fcyclomatic-complexity -MMD -MP -MF"Drivers/STM32F4xx_HAL_Driver/Src/stm32f4xx_hal_exti.d" -MT"Drivers/STM32F4xx_HAL_Driver/Src/stm32f4xx_hal_exti.o" --specs=nano.specs -mfpu=fpv4-sp-d16 -mfloat-abi=hard -mthumb -o "Drivers/STM32F4xx_HAL_Driver/Src/stm32f4xx_hal_exti.o"
arm-none-eabi-gcc "../Drivers/STM32F4xx_HAL_Driver/Src/stm32f4xx_hal_flash.c" -mcpu=cortex-m4 -std=gnu11 -g3 -DDEBUG -DUSE_HAL_DRIVER -DSTM32F401xE -c -I../Core/Inc -I../Drivers/STM32F4xx_HAL_Driver/Inc -I../Drivers/STM32F4xx_HAL_Driver/Inc/Legacy -I../Drivers/CMSIS/Device/ST/STM32F4xx/Include -I../Drivers/CMSIS/Include -O0 -ffunction-sections -fdata-sections -Wall -fstack-usage -fcyclomatic-complexity -MMD -MP -MF"Drivers/STM32F4xx_HAL_Driver/Src/stm32f4xx_hal_flash.d" -MT"Drivers/STM32F4xx_HAL_Driver/Src/stm32f4xx_hal_flash.o" --specs=nano.specs -mfpu=fpv4-sp-d16 -mfloat-abi=hard -mthumb -o "Drivers/STM32F4xx_HAL_Driver/Src/stm32f4xx_hal_flash.o"
arm-none-eabi-gcc "../Drivers/STM32F4xx_HAL_Driver/Src/stm32f4xx_hal_flash_ex.c" -mcpu=cortex-m4 -std=gnu11 -g3 -DDEBUG -DUSE_HAL_DRIVER -DSTM32F401xE -c -I../Core/Inc -I../Drivers/STM32F4xx_HAL_Driver/Inc -I../Drivers/STM32F4xx_HAL_Driver/Inc/Legacy -I../Drivers/CMSIS/Device/ST/STM32F4xx/Include -I../Drivers/CMSIS/Include -O0 -ffunction-sections -fdata-sections -Wall -fstack-usage -fcyclomatic-complexity -MMD -MP -MF"Drivers/STM32F4xx_HAL_Driver/Src/stm32f4xx_hal_flash_ex.d" -MT"Drivers/STM32F4xx_HAL_Driver/Src/stm32f4xx_hal_flash_ex.o" --specs=nano.specs -mfpu=fpv4-sp-d16 -mfloat-abi=hard -mthumb -o "Drivers/STM32F4xx_HAL_Driver/Src/stm32f4xx_hal_flash_ex.o"
arm-none-eabi-gcc "../Drivers/STM32F4xx_HAL_Driver/Src/stm32f4xx_hal_flash_ramfunc.c" -mcpu=cortex-m4 -std=gnu11 -g3 -DDEBUG -DUSE_HAL_DRIVER -DSTM32F401xE -c -I../Core/Inc -I../Drivers/STM32F4xx_HAL_Driver/Inc -I../Drivers/STM32F4xx_HAL_Driver/Inc/Legacy -I../Drivers/CMSIS/Device/ST/STM32F4xx/Include -I../Drivers/CMSIS/Include -O0 -ffunction-sections -fdata-sections -Wall -fstack-usage -fcyclomatic-complexity -MMD -MP -MF"Drivers/STM32F4xx_HAL_Driver/Src/stm32f4xx_hal_flash_ramfunc.d" -MT"Drivers/STM32F4xx_HAL_Driver/Src/stm32f4xx_hal_flash_ramfunc.o" --specs=nano.specs -mfpu=fpv4-sp-d16 -mfloat-abi=hard -mthumb -o "Drivers/STM32F4xx_HAL_Driver/Src/stm32f4xx_hal_flash_ramfunc.o"
arm-none-eabi-gcc "../Drivers/STM32F4xx_HAL_Driver/Src/stm32f4xx_hal_gpio.c" -mcpu=cortex-m4 -std=gnu11 -g3 -DDEBUG -DUSE_HAL_DRIVER -DSTM32F401xE -c -I../Core/Inc -I../Drivers/STM32F4xx_HAL_Driver/Inc -I../Drivers/STM32F4xx_HAL_Driver/Inc/Legacy -I../Drivers/CMSIS/Device/ST/STM32F4xx/Include -I../Drivers/CMSIS/Include -O0 -ffunction-sections -fdata-sections -Wall -fstack-usage -fcyclomatic-complexity -MMD -MP -MF"Drivers/STM32F4xx_HAL_Driver/Src/stm32f4xx_hal_gpio.d" -MT"Drivers/STM32F4xx_HAL_Driver/Src/stm32f4xx_hal_gpio.o" --specs=nano.specs -mfpu=fpv4-sp-d16 -mfloat-abi=hard -mthumb -o "Drivers/STM32F4xx_HAL_Driver/Src/stm32f4xx_hal_gpio.o"
arm-none-eabi-gcc "../Drivers/STM32F4xx_HAL_Driver/Src/stm32f4xx_hal_i2c.c" -mcpu=cortex-m4 -std=gnu11 -g3 -DDEBUG -DUSE_HAL_DRIVER -DSTM32F401xE -c -I../Core/Inc -I../Drivers/STM32F4xx_HAL_Driver/Inc -I../Drivers/STM32F4xx_HAL_Driver/Inc/Legacy -I../Drivers/CMSIS/Device/ST/STM32F4xx/Include -I../Drivers/CMSIS/Include -O0 -ffunction-sections -fdata-sections -Wall -fstack-usage -fcyclomatic-complexity -MMD -MP -MF"Drivers/STM32F4xx_HAL_Driver/Src/stm32f4xx_hal_i2c.d" -MT"Drivers/STM32F4xx_HAL_Driver/Src/stm32f4xx_hal_i2c.o" --specs=nano.specs -mfpu=fpv4-sp-d16 -mfloat-abi=hard -mthumb -o "Drivers/STM32F4xx_HAL_Driver/Src/stm32f4xx_hal_i2c.o"
arm-none-eabi-gcc "../Drivers/STM32F4xx_HAL_Driver/Src/stm32f4xx_hal_i2c_ex.c" -mcpu=cortex-m4 -std=gnu11 -g3 -DDEBUG -DUSE_HAL_DRIVER -DSTM32F401xE -c -I../Core/Inc -I../Drivers/STM32F4xx_HAL_Driver/Inc -I../Drivers/STM32F4xx_HAL_Driver/Inc/Legacy -I../Drivers/CMSIS/Device/ST/STM32F4xx/Include -I../Drivers/CMSIS/Include -O0 -ffunction-sections -fdata-sections -Wall -fstack-usage -fcyclomatic-complexity -MMD -MP -MF"Drivers/STM32F4xx_HAL_Driver/Src/stm32f4xx_hal_i2c_ex.d" -MT"Drivers/STM32F4xx_HAL_Driver/Src/stm32f4xx_hal_i2c_ex.o" --specs=nano.specs -mfpu=fpv4-sp-d16 -mfloat-abi=hard -mthumb -o "Drivers/STM32F4xx_HAL_Driver/Src/stm32f4xx_hal_i2c_ex.o"
arm-none-eabi-gcc "../Drivers/STM32F4xx_HAL_Driver/Src/stm32f4xx_hal_pwr.c" -mcpu=cortex-m4 -std=gnu11 -g3 -DDEBUG -DUSE_HAL_DRIVER -DSTM32F401xE -c -I../Core/Inc -I../Drivers/STM32F4xx_HAL_Driver/Inc -I../Drivers/STM32F4xx_HAL_Driver/Inc/Legacy -I../Drivers/CMSIS/Device/ST/STM32F4xx/Include -I../Drivers/CMSIS/Include -O0 -ffunction-sections -fdata-sections -Wall -fstack-usage -fcyclomatic-complexity -MMD -MP -MF"Drivers/STM32F4xx_HAL_Driver/Src/stm32f4xx_hal_pwr.d" -MT"Drivers/STM32F4xx_HAL_Driver/Src/stm32f4xx_hal_pwr.o" --specs=nano.specs -mfpu=fpv4-sp-d16 -mfloat-abi=hard -mthumb -o "Drivers/STM32F4xx_HAL_Driver/Src/stm32f4xx_hal_pwr.o"
arm-none-eabi-gcc "../Drivers/STM32F4xx_HAL_Driver/Src/stm32f4xx_hal_pwr_ex.c" -mcpu=cortex-m4 -std=gnu11 -g3 -DDEBUG -DUSE_HAL_DRIVER -DSTM32F401xE -c -I../Core/Inc -I../Drivers/STM32F4xx_HAL_Driver/Inc -I../Drivers/STM32F4xx_HAL_Driver/Inc/Legacy -I../Drivers/CMSIS/Device/ST/STM32F4xx/Include -I../Drivers/CMSIS/Include -O0 -ffunction-sections -fdata-sections -Wall -fstack-usage -fcyclomatic-complexity -MMD -MP -MF"Drivers/STM32F4xx_HAL_Driver/Src/stm32f4xx_hal_pwr_ex.d" -MT"Drivers/STM32F4xx_HAL_Driver/Src/stm32f4xx_hal_pwr_ex.o" --specs=nano.specs -mfpu=fpv4-sp-d16 -mfloat-abi=hard -mthumb -o "Drivers/STM32F4xx_HAL_Driver/Src/stm32f4xx_hal_pwr_ex.o"
arm-none-eabi-gcc "../Drivers/STM32F4xx_HAL_Driver/Src/stm32f4xx_hal_rcc.c" -mcpu=cortex-m4 -std=gnu11 -g3 -DDEBUG -DUSE_HAL_DRIVER -DSTM32F401xE -c -I../Core/Inc -I../Drivers/STM32F4xx_HAL_Driver/Inc -I../Drivers/STM32F4xx_HAL_Driver/Inc/Legacy -I../Drivers/CMSIS/Device/ST/STM32F4xx/Include -I../Drivers/CMSIS/Include -O0 -ffunction-sections -fdata-sections -Wall -fstack-usage -fcyclomatic-complexity -MMD -MP -MF"Drivers/STM32F4xx_HAL_Driver/Src/stm32f4xx_hal_rcc.d" -MT"Drivers/STM32F4xx_HAL_Driver/Src/stm32f4xx_hal_rcc.o" --specs=nano.specs -mfpu=fpv4-sp-d16 -mfloat-abi=hard -mthumb -o "Drivers/STM32F4xx_HAL_Driver/Src/stm32f4xx_hal_rcc.o"
arm-none-eabi-gcc "../Drivers/STM32F4xx_HAL_Driver/Src/stm32f4xx_hal_rcc_ex.c" -mcpu=cortex-m4 -std=gnu11 -g3 -DDEBUG -DUSE_HAL_DRIVER -DSTM32F401xE -c -I../Core/Inc -I../Drivers/STM32F4xx_HAL_Driver/Inc -I../Drivers/STM32F4xx_HAL_Driver/Inc/Legacy -I../Drivers/CMSIS/Device/ST/STM32F4xx/Include -I../Drivers/CMSIS/Include -O0 -ffunction-sections -fdata-sections -Wall -fstack-usage -fcyclomatic-complexity -MMD -MP -MF"Drivers/STM32F4xx_HAL_Driver/Src/stm32f4xx_hal_rcc_ex.d" -MT"Drivers/STM32F4xx_HAL_Driver/Src/stm32f4xx_hal_rcc_ex.o" --specs=nano.specs -mfpu=fpv4-sp-d16 -mfloat-abi=hard -mthumb -o "Drivers/STM32F4xx_HAL_Driver/Src/stm32f4xx_hal_rcc_ex.o"
arm-none-eabi-gcc "../Drivers/STM32F4xx_HAL_Driver/Src/stm32f4xx_hal_tim.c" -mcpu=cortex-m4 -std=gnu11 -g3 -DDEBUG -DUSE_HAL_DRIVER -DSTM32F401xE -c -I../Core/Inc -I../Drivers/STM32F4xx_HAL_Driver/Inc -I../Drivers/STM32F4xx_HAL_Driver/Inc/Legacy -I../Drivers/CMSIS/Device/ST/STM32F4xx/Include -I../Drivers/CMSIS/Include -O0 -ffunction-sections -fdata-sections -Wall -fstack-usage -fcyclomatic-complexity -MMD -MP -MF"Drivers/STM32F4xx_HAL_Driver/Src/stm32f4xx_hal_tim.d" -MT"Drivers/STM32F4xx_HAL_Driver/Src/stm32f4xx_hal_tim.o" --specs=nano.specs -mfpu=fpv4-sp-d16 -mfloat-abi=hard -mthumb -o "Drivers/STM32F4xx_HAL_Driver/Src/stm32f4xx_hal_tim.o"
arm-none-eabi-gcc "../Drivers/STM32F4xx_HAL_Driver/Src/stm32f4xx_hal_tim_ex.c" -mcpu=cortex-m4 -std=gnu11 -g3 -DDEBUG -DUSE_HAL_DRIVER -DSTM32F401xE -c -I../Core/Inc -I../Drivers/STM32F4xx_HAL_Driver/Inc -I../Drivers/STM32F4xx_HAL_Driver/Inc/Legacy -I../Drivers/CMSIS/Device/ST/STM32F4xx/Include -I../Drivers/CMSIS/Include -O0 -ffunction-sections -fdata-sections -Wall -fstack-usage -fcyclomatic-complexity -MMD -MP -MF"Drivers/STM32F4xx_HAL_Driver/Src/stm32f4xx_hal_tim_ex.d" -MT"Drivers/STM32F4xx_HAL_Driver/Src/stm32f4xx_hal_tim_ex.o" --specs=nano.specs -mfpu=fpv4-sp-d16 -mfloat-abi=hard -mthumb -o "Drivers/STM32F4xx_HAL_Driver/Src/stm32f4xx_hal_tim_ex.o"
arm-none-eabi-gcc "../Drivers/STM32F4xx_HAL_Driver/Src/stm32f4xx_hal_uart.c" -mcpu=cortex-m4 -std=gnu11 -g3 -DDEBUG -DUSE_HAL_DRIVER -DSTM32F401xE -c -I../Core/Inc -I../Drivers/STM32F4xx_HAL_Driver/Inc -I../Drivers/STM32F4xx_HAL_Driver/Inc/Legacy -I../Drivers/CMSIS/Device/ST/STM32F4xx/Include -I../Drivers/CMSIS/Include -O0 -ffunction-sections -fdata-sections -Wall -fstack-usage -fcyclomatic-complexity -MMD -MP -MF"Drivers/STM32F4xx_HAL_Driver/Src/stm32f4xx_hal_uart.d" -MT"Drivers/STM32F4xx_HAL_Driver/Src/stm32f4xx_hal_uart.o" --specs=nano.specs -mfpu=fpv4-sp-d16 -mfloat-abi=hard -mthumb -o "Drivers/STM32F4xx_HAL_Driver/Src/stm32f4xx_hal_uart.o"
arm-none-eabi-gcc "../Core/Src/main.c" -mcpu=cortex-m4 -std=gnu11 -g3 -DDEBUG -DUSE_HAL_DRIVER -DSTM32F401xE -c -I../Core/Inc -I../Drivers/STM32F4xx_HAL_Driver/Inc -I../Drivers/STM32F4xx_HAL_Driver/Inc/Legacy -I../Drivers/CMSIS/Device/ST/STM32F4xx/Include -I../Drivers/CMSIS/Include -O0 -ffunction-sections -fdata-sections -Wall -fstack-usage -fcyclomatic-complexity -MMD -MP -MF"Core/Src/main.d" -MT"Core/Src/main.o" --specs=nano.specs -mfpu=fpv4-sp-d16 -mfloat-abi=hard -mthumb -o "Core/Src/main.o"
arm-none-eabi-gcc "../Core/Src/stm32f4xx_hal_msp.c" -mcpu=cortex-m4 -std=gnu11 -g3 -DDEBUG -DUSE_HAL_DRIVER -DSTM32F401xE -c -I../Core/Inc -I../Drivers/STM32F4xx_HAL_Driver/Inc -I../Drivers/STM32F4xx_HAL_Driver/Inc/Legacy -I../Drivers/CMSIS/Device/ST/STM32F4xx/Include -I../Drivers/CMSIS/Include -O0 -ffunction-sections -fdata-sections -Wall -fstack-usage -fcyclomatic-complexity -MMD -MP -MF"Core/Src/stm32f4xx_hal_msp.d" -MT"Core/Src/stm32f4xx_hal_msp.o" --specs=nano.specs -mfpu=fpv4-sp-d16 -mfloat-abi=hard -mthumb -o "Core/Src/stm32f4xx_hal_msp.o"
../Core/Src/main.c: In function 'PCA9685_SetBit':
../Core/Src/main.c:106:11: warning: implicit declaration of function 'printf' [-Wimplicit-function-declaration]
  106 |           printf("I2C FAIL: Read bit reg 0x%02X\n", Register);
      |           ^~~~~~
../Core/Src/main.c:21:1: note: include '<stdio.h>' or provide a declaration of 'printf'
   20 | #include "main.h"
  +++ |+#include <stdio.h>
   21 | 
../Core/Src/main.c:106:11: warning: incompatible implicit declaration of built-in function 'printf' [-Wbuiltin-declaration-mismatch]
  106 |           printf("I2C FAIL: Read bit reg 0x%02X\n", Register);
      |           ^~~~~~
../Core/Src/main.c:106:11: note: include '<stdio.h>' or provide a declaration of 'printf'
../Core/Src/main.c: In function 'PCA9685_SetPWM':
../Core/Src/main.c:151:11: warning: incompatible implicit declaration of built-in function 'printf' [-Wbuiltin-declaration-mismatch]
  151 |           printf("I2C FAIL: PWM write ch %d\n", Channel);
      |           ^~~~~~
../Core/Src/main.c:151:11: note: include '<stdio.h>' or provide a declaration of 'printf'
../Core/Src/main.c: In function 'main':
../Core/Src/main.c:255:27: warning: implicit declaration of function 'memcpy' [-Wimplicit-function-declaration]
  255 |                           memcpy(&depth[i / COLS][i % COLS], &rx_buffer[i * 4], sizeof(float));
      |                           ^~~~~~
../Core/Src/main.c:21:1: note: include '<string.h>' or provide a declaration of 'memcpy'
   20 | #include "main.h"
  +++ |+#include <string.h>
   21 | 
../Core/Src/main.c:255:27: warning: incompatible implicit declaration of built-in function 'memcpy' [-Wbuiltin-declaration-mismatch]
  255 |                           memcpy(&depth[i / COLS][i % COLS], &rx_buffer[i * 4], sizeof(float));
      |                           ^~~~~~
../Core/Src/main.c:255:27: note: include '<string.h>' or provide a declaration of 'memcpy'
arm-none-eabi-gcc "../Core/Src/stm32f4xx_it.c" -mcpu=cortex-m4 -std=gnu11 -g3 -DDEBUG -DUSE_HAL_DRIVER -DSTM32F401xE -c -I../Core/Inc -I../Drivers/STM32F4xx_HAL_Driver/Inc -I../Drivers/STM32F4xx_HAL_Driver/Inc/Legacy -I../Drivers/CMSIS/Device/ST/STM32F4xx/Include -I../Drivers/CMSIS/Include -O0 -ffunction-sections -fdata-sections -Wall -fstack-usage -fcyclomatic-complexity -MMD -MP -MF"Core/Src/stm32f4xx_it.d" -MT"Core/Src/stm32f4xx_it.o" --specs=nano.specs -mfpu=fpv4-sp-d16 -mfloat-abi=hard -mthumb -o "Core/Src/stm32f4xx_it.o"
arm-none-eabi-gcc "../Core/Src/system_stm32f4xx.c" -mcpu=cortex-m4 -std=gnu11 -g3 -DDEBUG -DUSE_HAL_DRIVER -DSTM32F401xE -c -I../Core/Inc -I../Drivers/STM32F4xx_HAL_Driver/Inc -I../Drivers/STM32F4xx_HAL_Driver/Inc/Legacy -I../Drivers/CMSIS/Device/ST/STM32F4xx/Include -I../Drivers/CMSIS/Include -O0 -ffunction-sections -fdata-sections -Wall -fstack-usage -fcyclomatic-complexity -MMD -MP -MF"Core/Src/system_stm32f4xx.d" -MT"Core/Src/system_stm32f4xx.o" --specs=nano.specs -mfpu=fpv4-sp-d16 -mfloat-abi=hard -mthumb -o "Core/Src/system_stm32f4xx.o"
arm-none-eabi-gcc -o "capstone.elf" @"objects.list"   -mcpu=cortex-m4 -T"/Users/crystalhuang/Documents/capstone/F25-ece-capstone-livepin/stm32/cubeide_workspace2/capstone/STM32F401RETX_FLASH.ld" --specs=nosys.specs -Wl,-Map="capstone.map" -Wl,--gc-sections -static --specs=nano.specs -mfpu=fpv4-sp-d16 -mfloat-abi=hard -mthumb -Wl,--start-group -lc -lm -Wl,--end-group
Finished building target: capstone.elf
 
arm-none-eabi-size  capstone.elf 
arm-none-eabi-objdump -h -S capstone.elf  > "capstone.list"
   text	   data	    bss	    dec	    hex	filename
  22616	    104	  10336	  33056	   8120	capstone.elf
Finished building: default.size.stdout
 
Finished building: capstone.list
 
21:36:19 **** Incremental Build of configuration Debug for project capstone ****
make -j7 all 
arm-none-eabi-gcc "../Core/Src/main.c" -mcpu=cortex-m4 -std=gnu11 -g3 -DDEBUG -DUSE_HAL_DRIVER -DSTM32F401xE -c -I../Core/Inc -I../Drivers/STM32F4xx_HAL_Driver/Inc -I../Drivers/STM32F4xx_HAL_Driver/Inc/Legacy -I../Drivers/CMSIS/Device/ST/STM32F4xx/Include -I../Drivers/CMSIS/Include -O0 -ffunction-sections -fdata-sections -Wall -fstack-usage -fcyclomatic-complexity -MMD -MP -MF"Core/Src/main.d" -MT"Core/Src/main.o" --specs=nano.specs -mfpu=fpv4-sp-d16 -mfloat-abi=hard -mthumb -o "Core/Src/main.o"
../Core/Src/main.c: In function 'PCA9685_SetBit':
../Core/Src/main.c:106:11: warning: implicit declaration of function 'printf' [-Wimplicit-function-declaration]
  106 |           printf("I2C FAIL: Read bit reg 0x%02X\n", Register);
      |           ^~~~~~
../Core/Src/main.c:21:1: note: include '<stdio.h>' or provide a declaration of 'printf'
   20 | #include "main.h"
  +++ |+#include <stdio.h>
   21 | 
../Core/Src/main.c:106:11: warning: incompatible implicit declaration of built-in function 'printf' [-Wbuiltin-declaration-mismatch]
  106 |           printf("I2C FAIL: Read bit reg 0x%02X\n", Register);
      |           ^~~~~~
../Core/Src/main.c:106:11: note: include '<stdio.h>' or provide a declaration of 'printf'
../Core/Src/main.c: In function 'PCA9685_SetPWM':
../Core/Src/main.c:151:11: warning: incompatible implicit declaration of built-in function 'printf' [-Wbuiltin-declaration-mismatch]
  151 |           printf("I2C FAIL: PWM write ch %d\n", Channel);
      |           ^~~~~~
../Core/Src/main.c:151:11: note: include '<stdio.h>' or provide a declaration of 'printf'
../Core/Src/main.c: In function 'main':
../Core/Src/main.c:255:27: warning: implicit declaration of function 'memcpy' [-Wimplicit-function-declaration]
  255 |                           memcpy(&depth[i / COLS][i % COLS], &rx_buffer[i * 4], sizeof(float));
      |                           ^~~~~~
../Core/Src/main.c:21:1: note: include '<string.h>' or provide a declaration of 'memcpy'
   20 | #include "main.h"
  +++ |+#include <string.h>
   21 | 
../Core/Src/main.c:255:27: warning: incompatible implicit declaration of built-in function 'memcpy' [-Wbuiltin-declaration-mismatch]
  255 |                           memcpy(&depth[i / COLS][i % COLS], &rx_buffer[i * 4], sizeof(float));
      |                           ^~~~~~
../Core/Src/main.c:255:27: note: include '<string.h>' or provide a declaration of 'memcpy'
arm-none-eabi-gcc -o "capstone.elf" @"objects.list"   -mcpu=cortex-m4 -T"/Users/crystalhuang/Documents/capstone/F25-ece-capstone-livepin/stm32/cubeide_workspace2/capstone/STM32F401RETX_FLASH.ld" --specs=nosys.specs -Wl,-Map="capstone.map" -Wl,--gc-sections -static --specs=nano.specs -mfpu=fpv4-sp-d16 -mfloat-abi=hard -mthumb -Wl,--start-group -lc -lm -Wl,--end-group
Finished building target: capstone.elf
 
arm-none-eabi-size  capstone.elf 
arm-none-eabi-objdump -h -S capstone.elf  > "capstone.list"
   text	   data	    bss	    dec	    hex	filename
  22616	    104	  10336	  33056	   8120	capstone.elf
Finished building: default.size.stdout
 
Finished building: capstone.list
 
21:37:01 **** Incremental Build of configuration Debug for project capstone ****
make -j7 all 
arm-none-eabi-gcc "../Core/Src/main.c" -mcpu=cortex-m4 -std=gnu11 -g3 -DDEBUG -DUSE_HAL_DRIVER -DSTM32F401xE -c -I../Core/Inc -I../Drivers/STM32F4xx_HAL_Driver/Inc -I../Drivers/STM32F4xx_HAL_Driver/Inc/Legacy -I../Drivers/CMSIS/Device/ST/STM32F4xx/Include -I../Drivers/CMSIS/Include -O0 -ffunction-sections -fdata-sections -Wall -fstack-usage -fcyclomatic-complexity -MMD -MP -MF"Core/Src/main.d" -MT"Core/Src/main.o" --specs=nano.specs -mfpu=fpv4-sp-d16 -mfloat-abi=hard -mthumb -o "Core/Src/main.o"
../Core/Src/main.c: In function 'PCA9685_SetBit':
../Core/Src/main.c:106:11: warning: implicit declaration of function 'printf' [-Wimplicit-function-declaration]
  106 |           printf("I2C FAIL: Read bit reg 0x%02X\n", Register);
      |           ^~~~~~
../Core/Src/main.c:21:1: note: include '<stdio.h>' or provide a declaration of 'printf'
   20 | #include "main.h"
  +++ |+#include <stdio.h>
   21 | 
../Core/Src/main.c:106:11: warning: incompatible implicit declaration of built-in function 'printf' [-Wbuiltin-declaration-mismatch]
  106 |           printf("I2C FAIL: Read bit reg 0x%02X\n", Register);
      |           ^~~~~~
../Core/Src/main.c:106:11: note: include '<stdio.h>' or provide a declaration of 'printf'
../Core/Src/main.c: In function 'PCA9685_SetPWM':
../Core/Src/main.c:151:11: warning: incompatible implicit declaration of built-in function 'printf' [-Wbuiltin-declaration-mismatch]
  151 |           printf("I2C FAIL: PWM write ch %d\n", Channel);
      |           ^~~~~~
../Core/Src/main.c:151:11: note: include '<stdio.h>' or provide a declaration of 'printf'
arm-none-eabi-gcc -o "capstone.elf" @"objects.list"   -mcpu=cortex-m4 -T"/Users/crystalhuang/Documents/capstone/F25-ece-capstone-livepin/stm32/cubeide_workspace2/capstone/STM32F401RETX_FLASH.ld" --specs=nosys.specs -Wl,-Map="capstone.map" -Wl,--gc-sections -static --specs=nano.specs -mfpu=fpv4-sp-d16 -mfloat-abi=hard -mthumb -Wl,--start-group -lc -lm -Wl,--end-group
Finished building target: capstone.elf
 
arm-none-eabi-size  capstone.elf 
arm-none-eabi-objdump -h -S capstone.elf  > "capstone.list"
   text	   data	    bss	    dec	    hex	filename
  21772	    104	   2144	  24020	   5dd4	capstone.elf
Finished building: default.size.stdout
 
Finished building: capstone.list
 
21:38:14 **** Incremental Build of configuration Debug for project capstone ****
make -j7 all 
arm-none-eabi-gcc "../Core/Src/main.c" -mcpu=cortex-m4 -std=gnu11 -g3 -DDEBUG -DUSE_HAL_DRIVER -DSTM32F401xE -c -I../Core/Inc -I../Drivers/STM32F4xx_HAL_Driver/Inc -I../Drivers/STM32F4xx_HAL_Driver/Inc/Legacy -I../Drivers/CMSIS/Device/ST/STM32F4xx/Include -I../Drivers/CMSIS/Include -O0 -ffunction-sections -fdata-sections -Wall -fstack-usage -fcyclomatic-complexity -MMD -MP -MF"Core/Src/main.d" -MT"Core/Src/main.o" --specs=nano.specs -mfpu=fpv4-sp-d16 -mfloat-abi=hard -mthumb -o "Core/Src/main.o"
../Core/Src/main.c: In function 'PCA9685_SetBit':
../Core/Src/main.c:106:11: warning: implicit declaration of function 'printf' [-Wimplicit-function-declaration]
  106 |           printf("I2C FAIL: Read bit reg 0x%02X\n", Register);
      |           ^~~~~~
../Core/Src/main.c:21:1: note: include '<stdio.h>' or provide a declaration of 'printf'
   20 | #include "main.h"
  +++ |+#include <stdio.h>
   21 | 
../Core/Src/main.c:106:11: warning: incompatible implicit declaration of built-in function 'printf' [-Wbuiltin-declaration-mismatch]
  106 |           printf("I2C FAIL: Read bit reg 0x%02X\n", Register);
      |           ^~~~~~
../Core/Src/main.c:106:11: note: include '<stdio.h>' or provide a declaration of 'printf'
../Core/Src/main.c: In function 'PCA9685_SetPWM':
../Core/Src/main.c:151:11: warning: incompatible implicit declaration of built-in function 'printf' [-Wbuiltin-declaration-mismatch]
  151 |           printf("I2C FAIL: PWM write ch %d\n", Channel);
      |           ^~~~~~
../Core/Src/main.c:151:11: note: include '<stdio.h>' or provide a declaration of 'printf'
arm-none-eabi-gcc -o "capstone.elf" @"objects.list"   -mcpu=cortex-m4 -T"/Users/crystalhuang/Documents/capstone/F25-ece-capstone-livepin/stm32/cubeide_workspace2/capstone/STM32F401RETX_FLASH.ld" --specs=nosys.specs -Wl,-Map="capstone.map" -Wl,--gc-sections -static --specs=nano.specs -mfpu=fpv4-sp-d16 -mfloat-abi=hard -mthumb -Wl,--start-group -lc -lm -Wl,--end-group
Finished building target: capstone.elf
 
arm-none-eabi-size  capstone.elf 
arm-none-eabi-objdump -h -S capstone.elf  > "capstone.list"
   text	   data	    bss	    dec	    hex	filename
  21748	    104	   2144	  23996	   5dbc	capstone.elf
Finished building: default.size.stdout
 
Finished building: capstone.list
 
21:38:29 **** Incremental Build of configuration Debug for project capstone ****
make -j7 all 
arm-none-eabi-gcc "../Core/Src/main.c" -mcpu=cortex-m4 -std=gnu11 -g3 -DDEBUG -DUSE_HAL_DRIVER -DSTM32F401xE -c -I../Core/Inc -I../Drivers/STM32F4xx_HAL_Driver/Inc -I../Drivers/STM32F4xx_HAL_Driver/Inc/Legacy -I../Drivers/CMSIS/Device/ST/STM32F4xx/Include -I../Drivers/CMSIS/Include -O0 -ffunction-sections -fdata-sections -Wall -fstack-usage -fcyclomatic-complexity -MMD -MP -MF"Core/Src/main.d" -MT"Core/Src/main.o" --specs=nano.specs -mfpu=fpv4-sp-d16 -mfloat-abi=hard -mthumb -o "Core/Src/main.o"
../Core/Src/main.c: In function 'PCA9685_SetBit':
../Core/Src/main.c:106:11: warning: implicit declaration of function 'printf' [-Wimplicit-function-declaration]
  106 |           printf("I2C FAIL: Read bit reg 0x%02X\n", Register);
      |           ^~~~~~
../Core/Src/main.c:21:1: note: include '<stdio.h>' or provide a declaration of 'printf'
   20 | #include "main.h"
  +++ |+#include <stdio.h>
   21 | 
../Core/Src/main.c:106:11: warning: incompatible implicit declaration of built-in function 'printf' [-Wbuiltin-declaration-mismatch]
  106 |           printf("I2C FAIL: Read bit reg 0x%02X\n", Register);
      |           ^~~~~~
../Core/Src/main.c:106:11: note: include '<stdio.h>' or provide a declaration of 'printf'
../Core/Src/main.c: In function 'PCA9685_SetPWM':
../Core/Src/main.c:151:11: warning: incompatible implicit declaration of built-in function 'printf' [-Wbuiltin-declaration-mismatch]
  151 |           printf("I2C FAIL: PWM write ch %d\n", Channel);
      |           ^~~~~~
../Core/Src/main.c:151:11: note: include '<stdio.h>' or provide a declaration of 'printf'
arm-none-eabi-gcc -o "capstone.elf" @"objects.list"   -mcpu=cortex-m4 -T"/Users/crystalhuang/Documents/capstone/F25-ece-capstone-livepin/stm32/cubeide_workspace2/capstone/STM32F401RETX_FLASH.ld" --specs=nosys.specs -Wl,-Map="capstone.map" -Wl,--gc-sections -static --specs=nano.specs -mfpu=fpv4-sp-d16 -mfloat-abi=hard -mthumb -Wl,--start-group -lc -lm -Wl,--end-group
Finished building target: capstone.elf
 
arm-none-eabi-size  capstone.elf 
arm-none-eabi-objdump -h -S capstone.elf  > "capstone.list"
   text	   data	    bss	    dec	    hex	filename
  21740	    104	   2144	  23988	   5db4	capstone.elf
Finished building: default.size.stdout
 
Finished building: capstone.list
 
21:39:15 **** Incremental Build of configuration Debug for project capstone ****
make -j7 all 
arm-none-eabi-gcc "../Core/Src/main.c" -mcpu=cortex-m4 -std=gnu11 -g3 -DDEBUG -DUSE_HAL_DRIVER -DSTM32F401xE -c -I../Core/Inc -I../Drivers/STM32F4xx_HAL_Driver/Inc -I../Drivers/STM32F4xx_HAL_Driver/Inc/Legacy -I../Drivers/CMSIS/Device/ST/STM32F4xx/Include -I../Drivers/CMSIS/Include -O0 -ffunction-sections -fdata-sections -Wall -fstack-usage -fcyclomatic-complexity -MMD -MP -MF"Core/Src/main.d" -MT"Core/Src/main.o" --specs=nano.specs -mfpu=fpv4-sp-d16 -mfloat-abi=hard -mthumb -o "Core/Src/main.o"
../Core/Src/main.c: In function 'PCA9685_SetBit':
../Core/Src/main.c:106:11: warning: implicit declaration of function 'printf' [-Wimplicit-function-declaration]
  106 |           printf("I2C FAIL: Read bit reg 0x%02X\n", Register);
      |           ^~~~~~
../Core/Src/main.c:21:1: note: include '<stdio.h>' or provide a declaration of 'printf'
   20 | #include "main.h"
  +++ |+#include <stdio.h>
   21 | 
../Core/Src/main.c:106:11: warning: incompatible implicit declaration of built-in function 'printf' [-Wbuiltin-declaration-mismatch]
  106 |           printf("I2C FAIL: Read bit reg 0x%02X\n", Register);
      |           ^~~~~~
../Core/Src/main.c:106:11: note: include '<stdio.h>' or provide a declaration of 'printf'
../Core/Src/main.c: In function 'PCA9685_SetPWM':
../Core/Src/main.c:151:11: warning: incompatible implicit declaration of built-in function 'printf' [-Wbuiltin-declaration-mismatch]
  151 |           printf("I2C FAIL: PWM write ch %d\n", Channel);
      |           ^~~~~~
../Core/Src/main.c:151:11: note: include '<stdio.h>' or provide a declaration of 'printf'
arm-none-eabi-gcc -o "capstone.elf" @"objects.list"   -mcpu=cortex-m4 -T"/Users/crystalhuang/Documents/capstone/F25-ece-capstone-livepin/stm32/cubeide_workspace2/capstone/STM32F401RETX_FLASH.ld" --specs=nosys.specs -Wl,-Map="capstone.map" -Wl,--gc-sections -static --specs=nano.specs -mfpu=fpv4-sp-d16 -mfloat-abi=hard -mthumb -Wl,--start-group -lc -lm -Wl,--end-group
Finished building target: capstone.elf
 
arm-none-eabi-size  capstone.elf 
arm-none-eabi-objdump -h -S capstone.elf  > "capstone.list"
   text	   data	    bss	    dec	    hex	filename
  21740	    104	   2144	  23988	   5db4	capstone.elf
Finished building: default.size.stdout
 
Finished building: capstone.list
 
21:39:47 **** Incremental Build of configuration Debug for project capstone ****
make -j7 all 
arm-none-eabi-gcc "../Core/Src/main.c" -mcpu=cortex-m4 -std=gnu11 -g3 -DDEBUG -DUSE_HAL_DRIVER -DSTM32F401xE -c -I../Core/Inc -I../Drivers/STM32F4xx_HAL_Driver/Inc -I../Drivers/STM32F4xx_HAL_Driver/Inc/Legacy -I../Drivers/CMSIS/Device/ST/STM32F4xx/Include -I../Drivers/CMSIS/Include -O0 -ffunction-sections -fdata-sections -Wall -fstack-usage -fcyclomatic-complexity -MMD -MP -MF"Core/Src/main.d" -MT"Core/Src/main.o" --specs=nano.specs -mfpu=fpv4-sp-d16 -mfloat-abi=hard -mthumb -o "Core/Src/main.o"
../Core/Src/main.c: In function 'PCA9685_SetBit':
../Core/Src/main.c:106:11: warning: implicit declaration of function 'printf' [-Wimplicit-function-declaration]
  106 |           printf("I2C FAIL: Read bit reg 0x%02X\n", Register);
      |           ^~~~~~
../Core/Src/main.c:21:1: note: include '<stdio.h>' or provide a declaration of 'printf'
   20 | #include "main.h"
  +++ |+#include <stdio.h>
   21 | 
../Core/Src/main.c:106:11: warning: incompatible implicit declaration of built-in function 'printf' [-Wbuiltin-declaration-mismatch]
  106 |           printf("I2C FAIL: Read bit reg 0x%02X\n", Register);
      |           ^~~~~~
../Core/Src/main.c:106:11: note: include '<stdio.h>' or provide a declaration of 'printf'
../Core/Src/main.c: In function 'PCA9685_SetPWM':
../Core/Src/main.c:151:11: warning: incompatible implicit declaration of built-in function 'printf' [-Wbuiltin-declaration-mismatch]
  151 |           printf("I2C FAIL: PWM write ch %d\n", Channel);
      |           ^~~~~~
../Core/Src/main.c:151:11: note: include '<stdio.h>' or provide a declaration of 'printf'
arm-none-eabi-gcc -o "capstone.elf" @"objects.list"   -mcpu=cortex-m4 -T"/Users/crystalhuang/Documents/capstone/F25-ece-capstone-livepin/stm32/cubeide_workspace2/capstone/STM32F401RETX_FLASH.ld" --specs=nosys.specs -Wl,-Map="capstone.map" -Wl,--gc-sections -static --specs=nano.specs -mfpu=fpv4-sp-d16 -mfloat-abi=hard -mthumb -Wl,--start-group -lc -lm -Wl,--end-group
Finished building target: capstone.elf
 
arm-none-eabi-size  capstone.elf 
arm-none-eabi-objdump -h -S capstone.elf  > "capstone.list"
   text	   data	    bss	    dec	    hex	filename
  21712	    104	   2144	  23960	   5d98	capstone.elf
Finished building: default.size.stdout
 
Finished building: capstone.list
 
21:40:38 **** Incremental Build of configuration Debug for project capstone ****
make -j7 all 
arm-none-eabi-gcc "../Core/Src/main.c" -mcpu=cortex-m4 -std=gnu11 -g3 -DDEBUG -DUSE_HAL_DRIVER -DSTM32F401xE -c -I../Core/Inc -I../Drivers/STM32F4xx_HAL_Driver/Inc -I../Drivers/STM32F4xx_HAL_Driver/Inc/Legacy -I../Drivers/CMSIS/Device/ST/STM32F4xx/Include -I../Drivers/CMSIS/Include -O0 -ffunction-sections -fdata-sections -Wall -fstack-usage -fcyclomatic-complexity -MMD -MP -MF"Core/Src/main.d" -MT"Core/Src/main.o" --specs=nano.specs -mfpu=fpv4-sp-d16 -mfloat-abi=hard -mthumb -o "Core/Src/main.o"
../Core/Src/main.c: In function 'PCA9685_SetBit':
../Core/Src/main.c:106:11: warning: implicit declaration of function 'printf' [-Wimplicit-function-declaration]
  106 |           printf("I2C FAIL: Read bit reg 0x%02X\n", Register);
      |           ^~~~~~
../Core/Src/main.c:21:1: note: include '<stdio.h>' or provide a declaration of 'printf'
   20 | #include "main.h"
  +++ |+#include <stdio.h>
   21 | 
../Core/Src/main.c:106:11: warning: incompatible implicit declaration of built-in function 'printf' [-Wbuiltin-declaration-mismatch]
  106 |           printf("I2C FAIL: Read bit reg 0x%02X\n", Register);
      |           ^~~~~~
../Core/Src/main.c:106:11: note: include '<stdio.h>' or provide a declaration of 'printf'
../Core/Src/main.c: In function 'PCA9685_SetPWM':
../Core/Src/main.c:151:11: warning: incompatible implicit declaration of built-in function 'printf' [-Wbuiltin-declaration-mismatch]
  151 |           printf("I2C FAIL: PWM write ch %d\n", Channel);
      |           ^~~~~~
../Core/Src/main.c:151:11: note: include '<stdio.h>' or provide a declaration of 'printf'
../Core/Src/main.c: In function 'main':
../Core/Src/main.c:267:33: error: 'PCA9685_ADDRESS1' undeclared (first use in this function); did you mean 'PCA9685_ADDRESS2'?
  267 |           PCA9685_SetServoAngle(PCA9685_ADDRESS1, 10, 180);
      |                                 ^~~~~~~~~~~~~~~~
      |                                 PCA9685_ADDRESS2
../Core/Src/main.c:267:33: note: each undeclared identifier is reported only once for each function it appears in
make: *** [Core/Src/subdir.mk:34: Core/Src/main.o] Error 1
"make -j7 all" terminated with exit code 2. Build might be incomplete.
21:40:53 **** Incremental Build of configuration Debug for project capstone ****
make -j7 all 
arm-none-eabi-gcc "../Core/Src/main.c" -mcpu=cortex-m4 -std=gnu11 -g3 -DDEBUG -DUSE_HAL_DRIVER -DSTM32F401xE -c -I../Core/Inc -I../Drivers/STM32F4xx_HAL_Driver/Inc -I../Drivers/STM32F4xx_HAL_Driver/Inc/Legacy -I../Drivers/CMSIS/Device/ST/STM32F4xx/Include -I../Drivers/CMSIS/Include -O0 -ffunction-sections -fdata-sections -Wall -fstack-usage -fcyclomatic-complexity -MMD -MP -MF"Core/Src/main.d" -MT"Core/Src/main.o" --specs=nano.specs -mfpu=fpv4-sp-d16 -mfloat-abi=hard -mthumb -o "Core/Src/main.o"
../Core/Src/main.c: In function 'PCA9685_SetBit':
../Core/Src/main.c:106:11: warning: implicit declaration of function 'printf' [-Wimplicit-function-declaration]
  106 |           printf("I2C FAIL: Read bit reg 0x%02X\n", Register);
      |           ^~~~~~
../Core/Src/main.c:21:1: note: include '<stdio.h>' or provide a declaration of 'printf'
   20 | #include "main.h"
  +++ |+#include <stdio.h>
   21 | 
../Core/Src/main.c:106:11: warning: incompatible implicit declaration of built-in function 'printf' [-Wbuiltin-declaration-mismatch]
  106 |           printf("I2C FAIL: Read bit reg 0x%02X\n", Register);
      |           ^~~~~~
../Core/Src/main.c:106:11: note: include '<stdio.h>' or provide a declaration of 'printf'
../Core/Src/main.c: In function 'PCA9685_SetPWM':
../Core/Src/main.c:151:11: warning: incompatible implicit declaration of built-in function 'printf' [-Wbuiltin-declaration-mismatch]
  151 |           printf("I2C FAIL: PWM write ch %d\n", Channel);
      |           ^~~~~~
../Core/Src/main.c:151:11: note: include '<stdio.h>' or provide a declaration of 'printf'
arm-none-eabi-gcc -o "capstone.elf" @"objects.list"   -mcpu=cortex-m4 -T"/Users/crystalhuang/Documents/capstone/F25-ece-capstone-livepin/stm32/cubeide_workspace2/capstone/STM32F401RETX_FLASH.ld" --specs=nosys.specs -Wl,-Map="capstone.map" -Wl,--gc-sections -static --specs=nano.specs -mfpu=fpv4-sp-d16 -mfloat-abi=hard -mthumb -Wl,--start-group -lc -lm -Wl,--end-group
Finished building target: capstone.elf
 
arm-none-eabi-size  capstone.elf 
arm-none-eabi-objdump -h -S capstone.elf  > "capstone.list"
   text	   data	    bss	    dec	    hex	filename
  21712	    104	   2144	  23960	   5d98	capstone.elf
Finished building: default.size.stdout
 
Finished building: capstone.list
 
21:41:10 **** Incremental Build of configuration Debug for project capstone ****
make -j7 all 
arm-none-eabi-gcc "../Core/Src/main.c" -mcpu=cortex-m4 -std=gnu11 -g3 -DDEBUG -DUSE_HAL_DRIVER -DSTM32F401xE -c -I../Core/Inc -I../Drivers/STM32F4xx_HAL_Driver/Inc -I../Drivers/STM32F4xx_HAL_Driver/Inc/Legacy -I../Drivers/CMSIS/Device/ST/STM32F4xx/Include -I../Drivers/CMSIS/Include -O0 -ffunction-sections -fdata-sections -Wall -fstack-usage -fcyclomatic-complexity -MMD -MP -MF"Core/Src/main.d" -MT"Core/Src/main.o" --specs=nano.specs -mfpu=fpv4-sp-d16 -mfloat-abi=hard -mthumb -o "Core/Src/main.o"
../Core/Src/main.c: In function 'PCA9685_SetBit':
../Core/Src/main.c:106:11: warning: implicit declaration of function 'printf' [-Wimplicit-function-declaration]
  106 |           printf("I2C FAIL: Read bit reg 0x%02X\n", Register);
      |           ^~~~~~
../Core/Src/main.c:21:1: note: include '<stdio.h>' or provide a declaration of 'printf'
   20 | #include "main.h"
  +++ |+#include <stdio.h>
   21 | 
../Core/Src/main.c:106:11: warning: incompatible implicit declaration of built-in function 'printf' [-Wbuiltin-declaration-mismatch]
  106 |           printf("I2C FAIL: Read bit reg 0x%02X\n", Register);
      |           ^~~~~~
../Core/Src/main.c:106:11: note: include '<stdio.h>' or provide a declaration of 'printf'
../Core/Src/main.c: In function 'PCA9685_SetPWM':
../Core/Src/main.c:151:11: warning: incompatible implicit declaration of built-in function 'printf' [-Wbuiltin-declaration-mismatch]
  151 |           printf("I2C FAIL: PWM write ch %d\n", Channel);
      |           ^~~~~~
../Core/Src/main.c:151:11: note: include '<stdio.h>' or provide a declaration of 'printf'
arm-none-eabi-gcc -o "capstone.elf" @"objects.list"   -mcpu=cortex-m4 -T"/Users/crystalhuang/Documents/capstone/F25-ece-capstone-livepin/stm32/cubeide_workspace2/capstone/STM32F401RETX_FLASH.ld" --specs=nosys.specs -Wl,-Map="capstone.map" -Wl,--gc-sections -static --specs=nano.specs -mfpu=fpv4-sp-d16 -mfloat-abi=hard -mthumb -Wl,--start-group -lc -lm -Wl,--end-group
Finished building target: capstone.elf
 
arm-none-eabi-size  capstone.elf 
arm-none-eabi-objdump -h -S capstone.elf  > "capstone.list"
   text	   data	    bss	    dec	    hex	filename
  21712	    104	   2144	  23960	   5d98	capstone.elf
Finished building: default.size.stdout
 
Finished building: capstone.list
 
21:41:52 **** Incremental Build of configuration Debug for project capstone ****
make -j7 all 
arm-none-eabi-gcc "../Core/Src/main.c" -mcpu=cortex-m4 -std=gnu11 -g3 -DDEBUG -DUSE_HAL_DRIVER -DSTM32F401xE -c -I../Core/Inc -I../Drivers/STM32F4xx_HAL_Driver/Inc -I../Drivers/STM32F4xx_HAL_Driver/Inc/Legacy -I../Drivers/CMSIS/Device/ST/STM32F4xx/Include -I../Drivers/CMSIS/Include -O0 -ffunction-sections -fdata-sections -Wall -fstack-usage -fcyclomatic-complexity -MMD -MP -MF"Core/Src/main.d" -MT"Core/Src/main.o" --specs=nano.specs -mfpu=fpv4-sp-d16 -mfloat-abi=hard -mthumb -o "Core/Src/main.o"
../Core/Src/main.c: In function 'PCA9685_SetBit':
../Core/Src/main.c:106:11: warning: implicit declaration of function 'printf' [-Wimplicit-function-declaration]
  106 |           printf("I2C FAIL: Read bit reg 0x%02X\n", Register);
      |           ^~~~~~
../Core/Src/main.c:21:1: note: include '<stdio.h>' or provide a declaration of 'printf'
   20 | #include "main.h"
  +++ |+#include <stdio.h>
   21 | 
../Core/Src/main.c:106:11: warning: incompatible implicit declaration of built-in function 'printf' [-Wbuiltin-declaration-mismatch]
  106 |           printf("I2C FAIL: Read bit reg 0x%02X\n", Register);
      |           ^~~~~~
../Core/Src/main.c:106:11: note: include '<stdio.h>' or provide a declaration of 'printf'
../Core/Src/main.c: In function 'PCA9685_SetPWM':
../Core/Src/main.c:151:11: warning: incompatible implicit declaration of built-in function 'printf' [-Wbuiltin-declaration-mismatch]
  151 |           printf("I2C FAIL: PWM write ch %d\n", Channel);
      |           ^~~~~~
../Core/Src/main.c:151:11: note: include '<stdio.h>' or provide a declaration of 'printf'
arm-none-eabi-gcc -o "capstone.elf" @"objects.list"   -mcpu=cortex-m4 -T"/Users/crystalhuang/Documents/capstone/F25-ece-capstone-livepin/stm32/cubeide_workspace2/capstone/STM32F401RETX_FLASH.ld" --specs=nosys.specs -Wl,-Map="capstone.map" -Wl,--gc-sections -static --specs=nano.specs -mfpu=fpv4-sp-d16 -mfloat-abi=hard -mthumb -Wl,--start-group -lc -lm -Wl,--end-group
Finished building target: capstone.elf
 
arm-none-eabi-size  capstone.elf 
arm-none-eabi-objdump -h -S capstone.elf  > "capstone.list"
   text	   data	    bss	    dec	    hex	filename
  21712	    104	   2144	  23960	   5d98	capstone.elf
Finished building: default.size.stdout
 
Finished building: capstone.list
 
21:43:18 **** Incremental Build of configuration Debug for project capstone ****
make -j7 all 
arm-none-eabi-gcc "../Core/Src/main.c" -mcpu=cortex-m4 -std=gnu11 -g3 -DDEBUG -DUSE_HAL_DRIVER -DSTM32F401xE -c -I../Core/Inc -I../Drivers/STM32F4xx_HAL_Driver/Inc -I../Drivers/STM32F4xx_HAL_Driver/Inc/Legacy -I../Drivers/CMSIS/Device/ST/STM32F4xx/Include -I../Drivers/CMSIS/Include -O0 -ffunction-sections -fdata-sections -Wall -fstack-usage -fcyclomatic-complexity -MMD -MP -MF"Core/Src/main.d" -MT"Core/Src/main.o" --specs=nano.specs -mfpu=fpv4-sp-d16 -mfloat-abi=hard -mthumb -o "Core/Src/main.o"
../Core/Src/main.c: In function 'PCA9685_SetBit':
../Core/Src/main.c:106:11: warning: implicit declaration of function 'printf' [-Wimplicit-function-declaration]
  106 |           printf("I2C FAIL: Read bit reg 0x%02X\n", Register);
      |           ^~~~~~
../Core/Src/main.c:21:1: note: include '<stdio.h>' or provide a declaration of 'printf'
   20 | #include "main.h"
  +++ |+#include <stdio.h>
   21 | 
../Core/Src/main.c:106:11: warning: incompatible implicit declaration of built-in function 'printf' [-Wbuiltin-declaration-mismatch]
  106 |           printf("I2C FAIL: Read bit reg 0x%02X\n", Register);
      |           ^~~~~~
../Core/Src/main.c:106:11: note: include '<stdio.h>' or provide a declaration of 'printf'
../Core/Src/main.c: In function 'PCA9685_SetPWM':
../Core/Src/main.c:151:11: warning: incompatible implicit declaration of built-in function 'printf' [-Wbuiltin-declaration-mismatch]
  151 |           printf("I2C FAIL: PWM write ch %d\n", Channel);
      |           ^~~~~~
../Core/Src/main.c:151:11: note: include '<stdio.h>' or provide a declaration of 'printf'
arm-none-eabi-gcc -o "capstone.elf" @"objects.list"   -mcpu=cortex-m4 -T"/Users/crystalhuang/Documents/capstone/F25-ece-capstone-livepin/stm32/cubeide_workspace2/capstone/STM32F401RETX_FLASH.ld" --specs=nosys.specs -Wl,-Map="capstone.map" -Wl,--gc-sections -static --specs=nano.specs -mfpu=fpv4-sp-d16 -mfloat-abi=hard -mthumb -Wl,--start-group -lc -lm -Wl,--end-group
Finished building target: capstone.elf
 
arm-none-eabi-size  capstone.elf 
arm-none-eabi-objdump -h -S capstone.elf  > "capstone.list"
   text	   data	    bss	    dec	    hex	filename
  21704	    104	   2144	  23952	   5d90	capstone.elf
Finished building: default.size.stdout
 
Finished building: capstone.list
 
21:43:35 **** Incremental Build of configuration Debug for project capstone ****
make -j7 all 
arm-none-eabi-gcc "../Core/Src/main.c" -mcpu=cortex-m4 -std=gnu11 -g3 -DDEBUG -DUSE_HAL_DRIVER -DSTM32F401xE -c -I../Core/Inc -I../Drivers/STM32F4xx_HAL_Driver/Inc -I../Drivers/STM32F4xx_HAL_Driver/Inc/Legacy -I../Drivers/CMSIS/Device/ST/STM32F4xx/Include -I../Drivers/CMSIS/Include -O0 -ffunction-sections -fdata-sections -Wall -fstack-usage -fcyclomatic-complexity -MMD -MP -MF"Core/Src/main.d" -MT"Core/Src/main.o" --specs=nano.specs -mfpu=fpv4-sp-d16 -mfloat-abi=hard -mthumb -o "Core/Src/main.o"
../Core/Src/main.c: In function 'PCA9685_SetBit':
../Core/Src/main.c:106:11: warning: implicit declaration of function 'printf' [-Wimplicit-function-declaration]
  106 |           printf("I2C FAIL: Read bit reg 0x%02X\n", Register);
      |           ^~~~~~
../Core/Src/main.c:21:1: note: include '<stdio.h>' or provide a declaration of 'printf'
   20 | #include "main.h"
  +++ |+#include <stdio.h>
   21 | 
../Core/Src/main.c:106:11: warning: incompatible implicit declaration of built-in function 'printf' [-Wbuiltin-declaration-mismatch]
  106 |           printf("I2C FAIL: Read bit reg 0x%02X\n", Register);
      |           ^~~~~~
../Core/Src/main.c:106:11: note: include '<stdio.h>' or provide a declaration of 'printf'
../Core/Src/main.c: In function 'PCA9685_SetPWM':
../Core/Src/main.c:151:11: warning: incompatible implicit declaration of built-in function 'printf' [-Wbuiltin-declaration-mismatch]
  151 |           printf("I2C FAIL: PWM write ch %d\n", Channel);
      |           ^~~~~~
../Core/Src/main.c:151:11: note: include '<stdio.h>' or provide a declaration of 'printf'
arm-none-eabi-gcc -o "capstone.elf" @"objects.list"   -mcpu=cortex-m4 -T"/Users/crystalhuang/Documents/capstone/F25-ece-capstone-livepin/stm32/cubeide_workspace2/capstone/STM32F401RETX_FLASH.ld" --specs=nosys.specs -Wl,-Map="capstone.map" -Wl,--gc-sections -static --specs=nano.specs -mfpu=fpv4-sp-d16 -mfloat-abi=hard -mthumb -Wl,--start-group -lc -lm -Wl,--end-group
Finished building target: capstone.elf
 
arm-none-eabi-size  capstone.elf 
arm-none-eabi-objdump -h -S capstone.elf  > "capstone.list"
   text	   data	    bss	    dec	    hex	filename
  21704	    104	   2144	  23952	   5d90	capstone.elf
Finished building: default.size.stdout
 
Finished building: capstone.list
 
21:44:34 **** Incremental Build of configuration Debug for project capstone ****
make -j7 all 
arm-none-eabi-gcc "../Core/Src/main.c" -mcpu=cortex-m4 -std=gnu11 -g3 -DDEBUG -DUSE_HAL_DRIVER -DSTM32F401xE -c -I../Core/Inc -I../Drivers/STM32F4xx_HAL_Driver/Inc -I../Drivers/STM32F4xx_HAL_Driver/Inc/Legacy -I../Drivers/CMSIS/Device/ST/STM32F4xx/Include -I../Drivers/CMSIS/Include -O0 -ffunction-sections -fdata-sections -Wall -fstack-usage -fcyclomatic-complexity -MMD -MP -MF"Core/Src/main.d" -MT"Core/Src/main.o" --specs=nano.specs -mfpu=fpv4-sp-d16 -mfloat-abi=hard -mthumb -o "Core/Src/main.o"
../Core/Src/main.c: In function 'PCA9685_SetBit':
../Core/Src/main.c:106:11: warning: implicit declaration of function 'printf' [-Wimplicit-function-declaration]
  106 |           printf("I2C FAIL: Read bit reg 0x%02X\n", Register);
      |           ^~~~~~
../Core/Src/main.c:21:1: note: include '<stdio.h>' or provide a declaration of 'printf'
   20 | #include "main.h"
  +++ |+#include <stdio.h>
   21 | 
../Core/Src/main.c:106:11: warning: incompatible implicit declaration of built-in function 'printf' [-Wbuiltin-declaration-mismatch]
  106 |           printf("I2C FAIL: Read bit reg 0x%02X\n", Register);
      |           ^~~~~~
../Core/Src/main.c:106:11: note: include '<stdio.h>' or provide a declaration of 'printf'
../Core/Src/main.c: In function 'PCA9685_SetPWM':
../Core/Src/main.c:151:11: warning: incompatible implicit declaration of built-in function 'printf' [-Wbuiltin-declaration-mismatch]
  151 |           printf("I2C FAIL: PWM write ch %d\n", Channel);
      |           ^~~~~~
../Core/Src/main.c:151:11: note: include '<stdio.h>' or provide a declaration of 'printf'
arm-none-eabi-gcc -o "capstone.elf" @"objects.list"   -mcpu=cortex-m4 -T"/Users/crystalhuang/Documents/capstone/F25-ece-capstone-livepin/stm32/cubeide_workspace2/capstone/STM32F401RETX_FLASH.ld" --specs=nosys.specs -Wl,-Map="capstone.map" -Wl,--gc-sections -static --specs=nano.specs -mfpu=fpv4-sp-d16 -mfloat-abi=hard -mthumb -Wl,--start-group -lc -lm -Wl,--end-group
Finished building target: capstone.elf
 
arm-none-eabi-size  capstone.elf 
arm-none-eabi-objdump -h -S capstone.elf  > "capstone.list"
   text	   data	    bss	    dec	    hex	filename
  21704	    104	   2144	  23952	   5d90	capstone.elf
Finished building: default.size.stdout
 
Finished building: capstone.list
 
21:45:27 **** Incremental Build of configuration Debug for project capstone ****
make -j7 all 
arm-none-eabi-size  capstone.elf 
   text	   data	    bss	    dec	    hex	filename
  21704	    104	   2144	  23952	   5d90	capstone.elf
Finished building: default.size.stdout
 
21:46:33 **** Incremental Build of configuration Debug for project capstone ****
make -j7 all 
arm-none-eabi-gcc "../Core/Src/main.c" -mcpu=cortex-m4 -std=gnu11 -g3 -DDEBUG -DUSE_HAL_DRIVER -DSTM32F401xE -c -I../Core/Inc -I../Drivers/STM32F4xx_HAL_Driver/Inc -I../Drivers/STM32F4xx_HAL_Driver/Inc/Legacy -I../Drivers/CMSIS/Device/ST/STM32F4xx/Include -I../Drivers/CMSIS/Include -O0 -ffunction-sections -fdata-sections -Wall -fstack-usage -fcyclomatic-complexity -MMD -MP -MF"Core/Src/main.d" -MT"Core/Src/main.o" --specs=nano.specs -mfpu=fpv4-sp-d16 -mfloat-abi=hard -mthumb -o "Core/Src/main.o"
../Core/Src/main.c: In function 'PCA9685_SetBit':
../Core/Src/main.c:106:11: warning: implicit declaration of function 'printf' [-Wimplicit-function-declaration]
  106 |           printf("I2C FAIL: Read bit reg 0x%02X\n", Register);
      |           ^~~~~~
../Core/Src/main.c:21:1: note: include '<stdio.h>' or provide a declaration of 'printf'
   20 | #include "main.h"
  +++ |+#include <stdio.h>
   21 | 
../Core/Src/main.c:106:11: warning: incompatible implicit declaration of built-in function 'printf' [-Wbuiltin-declaration-mismatch]
  106 |           printf("I2C FAIL: Read bit reg 0x%02X\n", Register);
      |           ^~~~~~
../Core/Src/main.c:106:11: note: include '<stdio.h>' or provide a declaration of 'printf'
../Core/Src/main.c: In function 'PCA9685_SetPWM':
../Core/Src/main.c:151:11: warning: incompatible implicit declaration of built-in function 'printf' [-Wbuiltin-declaration-mismatch]
  151 |           printf("I2C FAIL: PWM write ch %d\n", Channel);
      |           ^~~~~~
../Core/Src/main.c:151:11: note: include '<stdio.h>' or provide a declaration of 'printf'
arm-none-eabi-gcc -o "capstone.elf" @"objects.list"   -mcpu=cortex-m4 -T"/Users/crystalhuang/Documents/capstone/F25-ece-capstone-livepin/stm32/cubeide_workspace2/capstone/STM32F401RETX_FLASH.ld" --specs=nosys.specs -Wl,-Map="capstone.map" -Wl,--gc-sections -static --specs=nano.specs -mfpu=fpv4-sp-d16 -mfloat-abi=hard -mthumb -Wl,--start-group -lc -lm -Wl,--end-group
Finished building target: capstone.elf
 
arm-none-eabi-size  capstone.elf 
arm-none-eabi-objdump -h -S capstone.elf  > "capstone.list"
   text	   data	    bss	    dec	    hex	filename
  21704	    104	   2144	  23952	   5d90	capstone.elf
Finished building: default.size.stdout
 
Finished building: capstone.list
 
21:47:05 **** Incremental Build of configuration Debug for project capstone ****
make -j7 all 
arm-none-eabi-gcc "../Core/Src/main.c" -mcpu=cortex-m4 -std=gnu11 -g3 -DDEBUG -DUSE_HAL_DRIVER -DSTM32F401xE -c -I../Core/Inc -I../Drivers/STM32F4xx_HAL_Driver/Inc -I../Drivers/STM32F4xx_HAL_Driver/Inc/Legacy -I../Drivers/CMSIS/Device/ST/STM32F4xx/Include -I../Drivers/CMSIS/Include -O0 -ffunction-sections -fdata-sections -Wall -fstack-usage -fcyclomatic-complexity -MMD -MP -MF"Core/Src/main.d" -MT"Core/Src/main.o" --specs=nano.specs -mfpu=fpv4-sp-d16 -mfloat-abi=hard -mthumb -o "Core/Src/main.o"
../Core/Src/main.c: In function 'PCA9685_SetBit':
../Core/Src/main.c:106:11: warning: implicit declaration of function 'printf' [-Wimplicit-function-declaration]
  106 |           printf("I2C FAIL: Read bit reg 0x%02X\n", Register);
      |           ^~~~~~
../Core/Src/main.c:21:1: note: include '<stdio.h>' or provide a declaration of 'printf'
   20 | #include "main.h"
  +++ |+#include <stdio.h>
   21 | 
../Core/Src/main.c:106:11: warning: incompatible implicit declaration of built-in function 'printf' [-Wbuiltin-declaration-mismatch]
  106 |           printf("I2C FAIL: Read bit reg 0x%02X\n", Register);
      |           ^~~~~~
../Core/Src/main.c:106:11: note: include '<stdio.h>' or provide a declaration of 'printf'
../Core/Src/main.c: In function 'PCA9685_SetPWM':
../Core/Src/main.c:151:11: warning: incompatible implicit declaration of built-in function 'printf' [-Wbuiltin-declaration-mismatch]
  151 |           printf("I2C FAIL: PWM write ch %d\n", Channel);
      |           ^~~~~~
../Core/Src/main.c:151:11: note: include '<stdio.h>' or provide a declaration of 'printf'
arm-none-eabi-gcc -o "capstone.elf" @"objects.list"   -mcpu=cortex-m4 -T"/Users/crystalhuang/Documents/capstone/F25-ece-capstone-livepin/stm32/cubeide_workspace2/capstone/STM32F401RETX_FLASH.ld" --specs=nosys.specs -Wl,-Map="capstone.map" -Wl,--gc-sections -static --specs=nano.specs -mfpu=fpv4-sp-d16 -mfloat-abi=hard -mthumb -Wl,--start-group -lc -lm -Wl,--end-group
Finished building target: capstone.elf
 
arm-none-eabi-size  capstone.elf 
arm-none-eabi-objdump -h -S capstone.elf  > "capstone.list"
   text	   data	    bss	    dec	    hex	filename
  21728	    104	   2144	  23976	   5da8	capstone.elf
Finished building: default.size.stdout
 
Finished building: capstone.list
 
21:48:30 **** Incremental Build of configuration Debug for project capstone ****
make -j7 all 
arm-none-eabi-gcc "../Core/Src/main.c" -mcpu=cortex-m4 -std=gnu11 -g3 -DDEBUG -DUSE_HAL_DRIVER -DSTM32F401xE -c -I../Core/Inc -I../Drivers/STM32F4xx_HAL_Driver/Inc -I../Drivers/STM32F4xx_HAL_Driver/Inc/Legacy -I../Drivers/CMSIS/Device/ST/STM32F4xx/Include -I../Drivers/CMSIS/Include -O0 -ffunction-sections -fdata-sections -Wall -fstack-usage -fcyclomatic-complexity -MMD -MP -MF"Core/Src/main.d" -MT"Core/Src/main.o" --specs=nano.specs -mfpu=fpv4-sp-d16 -mfloat-abi=hard -mthumb -o "Core/Src/main.o"
../Core/Src/main.c: In function 'PCA9685_SetBit':
../Core/Src/main.c:106:11: warning: implicit declaration of function 'printf' [-Wimplicit-function-declaration]
  106 |           printf("I2C FAIL: Read bit reg 0x%02X\n", Register);
      |           ^~~~~~
../Core/Src/main.c:21:1: note: include '<stdio.h>' or provide a declaration of 'printf'
   20 | #include "main.h"
  +++ |+#include <stdio.h>
   21 | 
../Core/Src/main.c:106:11: warning: incompatible implicit declaration of built-in function 'printf' [-Wbuiltin-declaration-mismatch]
  106 |           printf("I2C FAIL: Read bit reg 0x%02X\n", Register);
      |           ^~~~~~
../Core/Src/main.c:106:11: note: include '<stdio.h>' or provide a declaration of 'printf'
../Core/Src/main.c: In function 'PCA9685_SetPWM':
../Core/Src/main.c:151:11: warning: incompatible implicit declaration of built-in function 'printf' [-Wbuiltin-declaration-mismatch]
  151 |           printf("I2C FAIL: PWM write ch %d\n", Channel);
      |           ^~~~~~
../Core/Src/main.c:151:11: note: include '<stdio.h>' or provide a declaration of 'printf'
arm-none-eabi-gcc -o "capstone.elf" @"objects.list"   -mcpu=cortex-m4 -T"/Users/crystalhuang/Documents/capstone/F25-ece-capstone-livepin/stm32/cubeide_workspace2/capstone/STM32F401RETX_FLASH.ld" --specs=nosys.specs -Wl,-Map="capstone.map" -Wl,--gc-sections -static --specs=nano.specs -mfpu=fpv4-sp-d16 -mfloat-abi=hard -mthumb -Wl,--start-group -lc -lm -Wl,--end-group
Finished building target: capstone.elf
 
arm-none-eabi-size  capstone.elf 
arm-none-eabi-objdump -h -S capstone.elf  > "capstone.list"
   text	   data	    bss	    dec	    hex	filename
  21704	    104	   2144	  23952	   5d90	capstone.elf
Finished building: default.size.stdout
 
Finished building: capstone.list
 
21:49:17 **** Incremental Build of configuration Debug for project capstone ****
make -j7 all 
arm-none-eabi-size  capstone.elf 
   text	   data	    bss	    dec	    hex	filename
  21704	    104	   2144	  23952	   5d90	capstone.elf
Finished building: default.size.stdout
 
21:49:30 **** Incremental Build of configuration Debug for project capstone ****
make -j7 all 
arm-none-eabi-gcc "../Core/Src/main.c" -mcpu=cortex-m4 -std=gnu11 -g3 -DDEBUG -DUSE_HAL_DRIVER -DSTM32F401xE -c -I../Core/Inc -I../Drivers/STM32F4xx_HAL_Driver/Inc -I../Drivers/STM32F4xx_HAL_Driver/Inc/Legacy -I../Drivers/CMSIS/Device/ST/STM32F4xx/Include -I../Drivers/CMSIS/Include -O0 -ffunction-sections -fdata-sections -Wall -fstack-usage -fcyclomatic-complexity -MMD -MP -MF"Core/Src/main.d" -MT"Core/Src/main.o" --specs=nano.specs -mfpu=fpv4-sp-d16 -mfloat-abi=hard -mthumb -o "Core/Src/main.o"
../Core/Src/main.c: In function 'PCA9685_SetBit':
../Core/Src/main.c:106:11: warning: implicit declaration of function 'printf' [-Wimplicit-function-declaration]
  106 |           printf("I2C FAIL: Read bit reg 0x%02X\n", Register);
      |           ^~~~~~
../Core/Src/main.c:21:1: note: include '<stdio.h>' or provide a declaration of 'printf'
   20 | #include "main.h"
  +++ |+#include <stdio.h>
   21 | 
../Core/Src/main.c:106:11: warning: incompatible implicit declaration of built-in function 'printf' [-Wbuiltin-declaration-mismatch]
  106 |           printf("I2C FAIL: Read bit reg 0x%02X\n", Register);
      |           ^~~~~~
../Core/Src/main.c:106:11: note: include '<stdio.h>' or provide a declaration of 'printf'
../Core/Src/main.c: In function 'PCA9685_SetPWM':
../Core/Src/main.c:151:11: warning: incompatible implicit declaration of built-in function 'printf' [-Wbuiltin-declaration-mismatch]
  151 |           printf("I2C FAIL: PWM write ch %d\n", Channel);
      |           ^~~~~~
../Core/Src/main.c:151:11: note: include '<stdio.h>' or provide a declaration of 'printf'
arm-none-eabi-gcc -o "capstone.elf" @"objects.list"   -mcpu=cortex-m4 -T"/Users/crystalhuang/Documents/capstone/F25-ece-capstone-livepin/stm32/cubeide_workspace2/capstone/STM32F401RETX_FLASH.ld" --specs=nosys.specs -Wl,-Map="capstone.map" -Wl,--gc-sections -static --specs=nano.specs -mfpu=fpv4-sp-d16 -mfloat-abi=hard -mthumb -Wl,--start-group -lc -lm -Wl,--end-group
Finished building target: capstone.elf
 
arm-none-eabi-size  capstone.elf 
arm-none-eabi-objdump -h -S capstone.elf  > "capstone.list"
   text	   data	    bss	    dec	    hex	filename
  21704	    104	   2144	  23952	   5d90	capstone.elf
Finished building: default.size.stdout
 
Finished building: capstone.list
 
21:53:11 **** Incremental Build of configuration Debug for project capstone ****
make -j7 all 
arm-none-eabi-gcc "../Core/Src/main.c" -mcpu=cortex-m4 -std=gnu11 -g3 -DDEBUG -DUSE_HAL_DRIVER -DSTM32F401xE -c -I../Core/Inc -I../Drivers/STM32F4xx_HAL_Driver/Inc -I../Drivers/STM32F4xx_HAL_Driver/Inc/Legacy -I../Drivers/CMSIS/Device/ST/STM32F4xx/Include -I../Drivers/CMSIS/Include -O0 -ffunction-sections -fdata-sections -Wall -fstack-usage -fcyclomatic-complexity -MMD -MP -MF"Core/Src/main.d" -MT"Core/Src/main.o" --specs=nano.specs -mfpu=fpv4-sp-d16 -mfloat-abi=hard -mthumb -o "Core/Src/main.o"
../Core/Src/main.c: In function 'PCA9685_SetBit':
../Core/Src/main.c:106:11: warning: implicit declaration of function 'printf' [-Wimplicit-function-declaration]
  106 |           printf("I2C FAIL: Read bit reg 0x%02X\n", Register);
      |           ^~~~~~
../Core/Src/main.c:21:1: note: include '<stdio.h>' or provide a declaration of 'printf'
   20 | #include "main.h"
  +++ |+#include <stdio.h>
   21 | 
../Core/Src/main.c:106:11: warning: incompatible implicit declaration of built-in function 'printf' [-Wbuiltin-declaration-mismatch]
  106 |           printf("I2C FAIL: Read bit reg 0x%02X\n", Register);
      |           ^~~~~~
../Core/Src/main.c:106:11: note: include '<stdio.h>' or provide a declaration of 'printf'
../Core/Src/main.c: In function 'PCA9685_SetPWM':
../Core/Src/main.c:151:11: warning: incompatible implicit declaration of built-in function 'printf' [-Wbuiltin-declaration-mismatch]
  151 |           printf("I2C FAIL: PWM write ch %d\n", Channel);
      |           ^~~~~~
../Core/Src/main.c:151:11: note: include '<stdio.h>' or provide a declaration of 'printf'
arm-none-eabi-gcc -o "capstone.elf" @"objects.list"   -mcpu=cortex-m4 -T"/Users/crystalhuang/Documents/capstone/F25-ece-capstone-livepin/stm32/cubeide_workspace2/capstone/STM32F401RETX_FLASH.ld" --specs=nosys.specs -Wl,-Map="capstone.map" -Wl,--gc-sections -static --specs=nano.specs -mfpu=fpv4-sp-d16 -mfloat-abi=hard -mthumb -Wl,--start-group -lc -lm -Wl,--end-group
Finished building target: capstone.elf
 
arm-none-eabi-size  capstone.elf 
arm-none-eabi-objdump -h -S capstone.elf  > "capstone.list"
   text	   data	    bss	    dec	    hex	filename
  21704	    104	   2144	  23952	   5d90	capstone.elf
Finished building: default.size.stdout
 
Finished building: capstone.list
 
21:53:44 **** Incremental Build of configuration Debug for project capstone ****
make -j7 all 
arm-none-eabi-gcc "../Core/Src/main.c" -mcpu=cortex-m4 -std=gnu11 -g3 -DDEBUG -DUSE_HAL_DRIVER -DSTM32F401xE -c -I../Core/Inc -I../Drivers/STM32F4xx_HAL_Driver/Inc -I../Drivers/STM32F4xx_HAL_Driver/Inc/Legacy -I../Drivers/CMSIS/Device/ST/STM32F4xx/Include -I../Drivers/CMSIS/Include -O0 -ffunction-sections -fdata-sections -Wall -fstack-usage -fcyclomatic-complexity -MMD -MP -MF"Core/Src/main.d" -MT"Core/Src/main.o" --specs=nano.specs -mfpu=fpv4-sp-d16 -mfloat-abi=hard -mthumb -o "Core/Src/main.o"
../Core/Src/main.c: In function 'PCA9685_SetBit':
../Core/Src/main.c:106:11: warning: implicit declaration of function 'printf' [-Wimplicit-function-declaration]
  106 |           printf("I2C FAIL: Read bit reg 0x%02X\n", Register);
      |           ^~~~~~
../Core/Src/main.c:21:1: note: include '<stdio.h>' or provide a declaration of 'printf'
   20 | #include "main.h"
  +++ |+#include <stdio.h>
   21 | 
../Core/Src/main.c:106:11: warning: incompatible implicit declaration of built-in function 'printf' [-Wbuiltin-declaration-mismatch]
  106 |           printf("I2C FAIL: Read bit reg 0x%02X\n", Register);
      |           ^~~~~~
../Core/Src/main.c:106:11: note: include '<stdio.h>' or provide a declaration of 'printf'
../Core/Src/main.c: In function 'PCA9685_SetPWM':
../Core/Src/main.c:151:11: warning: incompatible implicit declaration of built-in function 'printf' [-Wbuiltin-declaration-mismatch]
  151 |           printf("I2C FAIL: PWM write ch %d\n", Channel);
      |           ^~~~~~
../Core/Src/main.c:151:11: note: include '<stdio.h>' or provide a declaration of 'printf'
arm-none-eabi-gcc -o "capstone.elf" @"objects.list"   -mcpu=cortex-m4 -T"/Users/crystalhuang/Documents/capstone/F25-ece-capstone-livepin/stm32/cubeide_workspace2/capstone/STM32F401RETX_FLASH.ld" --specs=nosys.specs -Wl,-Map="capstone.map" -Wl,--gc-sections -static --specs=nano.specs -mfpu=fpv4-sp-d16 -mfloat-abi=hard -mthumb -Wl,--start-group -lc -lm -Wl,--end-group
Finished building target: capstone.elf
 
arm-none-eabi-size  capstone.elf 
arm-none-eabi-objdump -h -S capstone.elf  > "capstone.list"
   text	   data	    bss	    dec	    hex	filename
  21704	    104	   2144	  23952	   5d90	capstone.elf
Finished building: default.size.stdout
 
Finished building: capstone.list
 
21:54:48 **** Incremental Build of configuration Debug for project capstone ****
make -j7 all 
arm-none-eabi-gcc "../Core/Src/main.c" -mcpu=cortex-m4 -std=gnu11 -g3 -DDEBUG -DUSE_HAL_DRIVER -DSTM32F401xE -c -I../Core/Inc -I../Drivers/STM32F4xx_HAL_Driver/Inc -I../Drivers/STM32F4xx_HAL_Driver/Inc/Legacy -I../Drivers/CMSIS/Device/ST/STM32F4xx/Include -I../Drivers/CMSIS/Include -O0 -ffunction-sections -fdata-sections -Wall -fstack-usage -fcyclomatic-complexity -MMD -MP -MF"Core/Src/main.d" -MT"Core/Src/main.o" --specs=nano.specs -mfpu=fpv4-sp-d16 -mfloat-abi=hard -mthumb -o "Core/Src/main.o"
../Core/Src/main.c: In function 'PCA9685_SetBit':
../Core/Src/main.c:106:11: warning: implicit declaration of function 'printf' [-Wimplicit-function-declaration]
  106 |           printf("I2C FAIL: Read bit reg 0x%02X\n", Register);
      |           ^~~~~~
../Core/Src/main.c:21:1: note: include '<stdio.h>' or provide a declaration of 'printf'
   20 | #include "main.h"
  +++ |+#include <stdio.h>
   21 | 
../Core/Src/main.c:106:11: warning: incompatible implicit declaration of built-in function 'printf' [-Wbuiltin-declaration-mismatch]
  106 |           printf("I2C FAIL: Read bit reg 0x%02X\n", Register);
      |           ^~~~~~
../Core/Src/main.c:106:11: note: include '<stdio.h>' or provide a declaration of 'printf'
../Core/Src/main.c: In function 'PCA9685_SetPWM':
../Core/Src/main.c:151:11: warning: incompatible implicit declaration of built-in function 'printf' [-Wbuiltin-declaration-mismatch]
  151 |           printf("I2C FAIL: PWM write ch %d\n", Channel);
      |           ^~~~~~
../Core/Src/main.c:151:11: note: include '<stdio.h>' or provide a declaration of 'printf'
arm-none-eabi-gcc -o "capstone.elf" @"objects.list"   -mcpu=cortex-m4 -T"/Users/crystalhuang/Documents/capstone/F25-ece-capstone-livepin/stm32/cubeide_workspace2/capstone/STM32F401RETX_FLASH.ld" --specs=nosys.specs -Wl,-Map="capstone.map" -Wl,--gc-sections -static --specs=nano.specs -mfpu=fpv4-sp-d16 -mfloat-abi=hard -mthumb -Wl,--start-group -lc -lm -Wl,--end-group
Finished building target: capstone.elf
 
arm-none-eabi-size  capstone.elf 
arm-none-eabi-objdump -h -S capstone.elf  > "capstone.list"
   text	   data	    bss	    dec	    hex	filename
  21724	    104	   2144	  23972	   5da4	capstone.elf
Finished building: default.size.stdout
 
Finished building: capstone.list
 
21:55:50 **** Incremental Build of configuration Debug for project capstone ****
make -j7 all 
arm-none-eabi-gcc "../Core/Src/main.c" -mcpu=cortex-m4 -std=gnu11 -g3 -DDEBUG -DUSE_HAL_DRIVER -DSTM32F401xE -c -I../Core/Inc -I../Drivers/STM32F4xx_HAL_Driver/Inc -I../Drivers/STM32F4xx_HAL_Driver/Inc/Legacy -I../Drivers/CMSIS/Device/ST/STM32F4xx/Include -I../Drivers/CMSIS/Include -O0 -ffunction-sections -fdata-sections -Wall -fstack-usage -fcyclomatic-complexity -MMD -MP -MF"Core/Src/main.d" -MT"Core/Src/main.o" --specs=nano.specs -mfpu=fpv4-sp-d16 -mfloat-abi=hard -mthumb -o "Core/Src/main.o"
../Core/Src/main.c: In function 'PCA9685_SetBit':
../Core/Src/main.c:106:11: warning: implicit declaration of function 'printf' [-Wimplicit-function-declaration]
  106 |           printf("I2C FAIL: Read bit reg 0x%02X\n", Register);
      |           ^~~~~~
../Core/Src/main.c:21:1: note: include '<stdio.h>' or provide a declaration of 'printf'
   20 | #include "main.h"
  +++ |+#include <stdio.h>
   21 | 
../Core/Src/main.c:106:11: warning: incompatible implicit declaration of built-in function 'printf' [-Wbuiltin-declaration-mismatch]
  106 |           printf("I2C FAIL: Read bit reg 0x%02X\n", Register);
      |           ^~~~~~
../Core/Src/main.c:106:11: note: include '<stdio.h>' or provide a declaration of 'printf'
../Core/Src/main.c: In function 'PCA9685_SetPWM':
../Core/Src/main.c:151:11: warning: incompatible implicit declaration of built-in function 'printf' [-Wbuiltin-declaration-mismatch]
  151 |           printf("I2C FAIL: PWM write ch %d\n", Channel);
      |           ^~~~~~
../Core/Src/main.c:151:11: note: include '<stdio.h>' or provide a declaration of 'printf'
arm-none-eabi-gcc -o "capstone.elf" @"objects.list"   -mcpu=cortex-m4 -T"/Users/crystalhuang/Documents/capstone/F25-ece-capstone-livepin/stm32/cubeide_workspace2/capstone/STM32F401RETX_FLASH.ld" --specs=nosys.specs -Wl,-Map="capstone.map" -Wl,--gc-sections -static --specs=nano.specs -mfpu=fpv4-sp-d16 -mfloat-abi=hard -mthumb -Wl,--start-group -lc -lm -Wl,--end-group
Finished building target: capstone.elf
 
arm-none-eabi-size  capstone.elf 
arm-none-eabi-objdump -h -S capstone.elf  > "capstone.list"
   text	   data	    bss	    dec	    hex	filename
  21724	    104	   2144	  23972	   5da4	capstone.elf
Finished building: default.size.stdout
 
Finished building: capstone.list
 
21:56:12 **** Incremental Build of configuration Debug for project capstone ****
make -j7 all 
arm-none-eabi-gcc "../Core/Src/main.c" -mcpu=cortex-m4 -std=gnu11 -g3 -DDEBUG -DUSE_HAL_DRIVER -DSTM32F401xE -c -I../Core/Inc -I../Drivers/STM32F4xx_HAL_Driver/Inc -I../Drivers/STM32F4xx_HAL_Driver/Inc/Legacy -I../Drivers/CMSIS/Device/ST/STM32F4xx/Include -I../Drivers/CMSIS/Include -O0 -ffunction-sections -fdata-sections -Wall -fstack-usage -fcyclomatic-complexity -MMD -MP -MF"Core/Src/main.d" -MT"Core/Src/main.o" --specs=nano.specs -mfpu=fpv4-sp-d16 -mfloat-abi=hard -mthumb -o "Core/Src/main.o"
../Core/Src/main.c: In function 'PCA9685_SetBit':
../Core/Src/main.c:106:11: warning: implicit declaration of function 'printf' [-Wimplicit-function-declaration]
  106 |           printf("I2C FAIL: Read bit reg 0x%02X\n", Register);
      |           ^~~~~~
[...]
Finished building: default.size.stdout
 
Finished building: capstone.list
 
14:09:23 **** Incremental Build of configuration Debug for project capstone ****
make -j7 all 
arm-none-eabi-gcc "../Core/Src/main.c" -mcpu=cortex-m4 -std=gnu11 -g3 -DDEBUG -DUSE_HAL_DRIVER -DSTM32F401xE -c -I../Core/Inc -I../Drivers/STM32F4xx_HAL_Driver/Inc -I../Drivers/STM32F4xx_HAL_Driver/Inc/Legacy -I../Drivers/CMSIS/Device/ST/STM32F4xx/Include -I../Drivers/CMSIS/Include -O0 -ffunction-sections -fdata-sections -Wall -fstack-usage -fcyclomatic-complexity -MMD -MP -MF"Core/Src/main.d" -MT"Core/Src/main.o" --specs=nano.specs -mfpu=fpv4-sp-d16 -mfloat-abi=hard -mthumb -o "Core/Src/main.o"
../Core/Src/main.c: In function 'PCA9685_SetBit':
../Core/Src/main.c:106:11: warning: implicit declaration of function 'printf' [-Wimplicit-function-declaration]
  106 |           printf("I2C FAIL: Read bit reg 0x%02X\n", Register);
      |           ^~~~~~
../Core/Src/main.c:21:1: note: include '<stdio.h>' or provide a declaration of 'printf'
   20 | #include "main.h"
  +++ |+#include <stdio.h>
   21 | 
../Core/Src/main.c:106:11: warning: incompatible implicit declaration of built-in function 'printf' [-Wbuiltin-declaration-mismatch]
  106 |           printf("I2C FAIL: Read bit reg 0x%02X\n", Register);
      |           ^~~~~~
../Core/Src/main.c:106:11: note: include '<stdio.h>' or provide a declaration of 'printf'
../Core/Src/main.c: In function 'PCA9685_SetPWM':
../Core/Src/main.c:152:11: warning: incompatible implicit declaration of built-in function 'printf' [-Wbuiltin-declaration-mismatch]
  152 |           printf("I2C FAIL: PWM write ch %d\n", Channel);
      |           ^~~~~~
../Core/Src/main.c:152:11: note: include '<stdio.h>' or provide a declaration of 'printf'
arm-none-eabi-gcc -o "capstone.elf" @"objects.list"   -mcpu=cortex-m4 -T"/Users/crystalhuang/Documents/capstone/F25-ece-capstone-livepin/stm32/cubeide_workspace2/capstone/STM32F401RETX_FLASH.ld" --specs=nosys.specs -Wl,-Map="capstone.map" -Wl,--gc-sections -static --specs=nano.specs -mfpu=fpv4-sp-d16 -mfloat-abi=hard -mthumb -Wl,--start-group -lc -lm -Wl,--end-group
Finished building target: capstone.elf
 
arm-none-eabi-size  capstone.elf 
arm-none-eabi-objdump -h -S capstone.elf  > "capstone.list"
   text	   data	    bss	    dec	    hex	filename
  21740	    104	   2144	  23988	   5db4	capstone.elf
Finished building: default.size.stdout
 
Finished building: capstone.list
 
22:31:52 **** Incremental Build of configuration Debug for project capstone ****
make -j7 all 
arm-none-eabi-gcc "../Drivers/STM32F4xx_HAL_Driver/Src/stm32f4xx_hal.c" -mcpu=cortex-m4 -std=gnu11 -g3 -DDEBUG -DUSE_HAL_DRIVER -DSTM32F401xE -c -I../Core/Inc -I../Drivers/STM32F4xx_HAL_Driver/Inc -I../Drivers/STM32F4xx_HAL_Driver/Inc/Legacy -I../Drivers/CMSIS/Device/ST/STM32F4xx/Include -I../Drivers/CMSIS/Include -O0 -ffunction-sections -fdata-sections -Wall -fstack-usage -fcyclomatic-complexity -MMD -MP -MF"Drivers/STM32F4xx_HAL_Driver/Src/stm32f4xx_hal.d" -MT"Drivers/STM32F4xx_HAL_Driver/Src/stm32f4xx_hal.o" --specs=nano.specs -mfpu=fpv4-sp-d16 -mfloat-abi=hard -mthumb -o "Drivers/STM32F4xx_HAL_Driver/Src/stm32f4xx_hal.o"
arm-none-eabi-gcc "../Drivers/STM32F4xx_HAL_Driver/Src/stm32f4xx_hal_cortex.c" -mcpu=cortex-m4 -std=gnu11 -g3 -DDEBUG -DUSE_HAL_DRIVER -DSTM32F401xE -c -I../Core/Inc -I../Drivers/STM32F4xx_HAL_Driver/Inc -I../Drivers/STM32F4xx_HAL_Driver/Inc/Legacy -I../Drivers/CMSIS/Device/ST/STM32F4xx/Include -I../Drivers/CMSIS/Include -O0 -ffunction-sections -fdata-sections -Wall -fstack-usage -fcyclomatic-complexity -MMD -MP -MF"Drivers/STM32F4xx_HAL_Driver/Src/stm32f4xx_hal_cortex.d" -MT"Drivers/STM32F4xx_HAL_Driver/Src/stm32f4xx_hal_cortex.o" --specs=nano.specs -mfpu=fpv4-sp-d16 -mfloat-abi=hard -mthumb -o "Drivers/STM32F4xx_HAL_Driver/Src/stm32f4xx_hal_cortex.o"
arm-none-eabi-gcc "../Drivers/STM32F4xx_HAL_Driver/Src/stm32f4xx_hal_dma.c" -mcpu=cortex-m4 -std=gnu11 -g3 -DDEBUG -DUSE_HAL_DRIVER -DSTM32F401xE -c -I../Core/Inc -I../Drivers/STM32F4xx_HAL_Driver/Inc -I../Drivers/STM32F4xx_HAL_Driver/Inc/Legacy -I../Drivers/CMSIS/Device/ST/STM32F4xx/Include -I../Drivers/CMSIS/Include -O0 -ffunction-sections -fdata-sections -Wall -fstack-usage -fcyclomatic-complexity -MMD -MP -MF"Drivers/STM32F4xx_HAL_Driver/Src/stm32f4xx_hal_dma.d" -MT"Drivers/STM32F4xx_HAL_Driver/Src/stm32f4xx_hal_dma.o" --specs=nano.specs -mfpu=fpv4-sp-d16 -mfloat-abi=hard -mthumb -o "Drivers/STM32F4xx_HAL_Driver/Src/stm32f4xx_hal_dma.o"
arm-none-eabi-gcc "../Drivers/STM32F4xx_HAL_Driver/Src/stm32f4xx_hal_dma_ex.c" -mcpu=cortex-m4 -std=gnu11 -g3 -DDEBUG -DUSE_HAL_DRIVER -DSTM32F401xE -c -I../Core/Inc -I../Drivers/STM32F4xx_HAL_Driver/Inc -I../Drivers/STM32F4xx_HAL_Driver/Inc/Legacy -I../Drivers/CMSIS/Device/ST/STM32F4xx/Include -I../Drivers/CMSIS/Include -O0 -ffunction-sections -fdata-sections -Wall -fstack-usage -fcyclomatic-complexity -MMD -MP -MF"Drivers/STM32F4xx_HAL_Driver/Src/stm32f4xx_hal_dma_ex.d" -MT"Drivers/STM32F4xx_HAL_Driver/Src/stm32f4xx_hal_dma_ex.o" --specs=nano.specs -mfpu=fpv4-sp-d16 -mfloat-abi=hard -mthumb -o "Drivers/STM32F4xx_HAL_Driver/Src/stm32f4xx_hal_dma_ex.o"
arm-none-eabi-gcc "../Drivers/STM32F4xx_HAL_Driver/Src/stm32f4xx_hal_exti.c" -mcpu=cortex-m4 -std=gnu11 -g3 -DDEBUG -DUSE_HAL_DRIVER -DSTM32F401xE -c -I../Core/Inc -I../Drivers/STM32F4xx_HAL_Driver/Inc -I../Drivers/STM32F4xx_HAL_Driver/Inc/Legacy -I../Drivers/CMSIS/Device/ST/STM32F4xx/Include -I../Drivers/CMSIS/Include -O0 -ffunction-sections -fdata-sections -Wall -fstack-usage -fcyclomatic-complexity -MMD -MP -MF"Drivers/STM32F4xx_HAL_Driver/Src/stm32f4xx_hal_exti.d" -MT"Drivers/STM32F4xx_HAL_Driver/Src/stm32f4xx_hal_exti.o" --specs=nano.specs -mfpu=fpv4-sp-d16 -mfloat-abi=hard -mthumb -o "Drivers/STM32F4xx_HAL_Driver/Src/stm32f4xx_hal_exti.o"
arm-none-eabi-gcc "../Drivers/STM32F4xx_HAL_Driver/Src/stm32f4xx_hal_flash.c" -mcpu=cortex-m4 -std=gnu11 -g3 -DDEBUG -DUSE_HAL_DRIVER -DSTM32F401xE -c -I../Core/Inc -I../Drivers/STM32F4xx_HAL_Driver/Inc -I../Drivers/STM32F4xx_HAL_Driver/Inc/Legacy -I../Drivers/CMSIS/Device/ST/STM32F4xx/Include -I../Drivers/CMSIS/Include -O0 -ffunction-sections -fdata-sections -Wall -fstack-usage -fcyclomatic-complexity -MMD -MP -MF"Drivers/STM32F4xx_HAL_Driver/Src/stm32f4xx_hal_flash.d" -MT"Drivers/STM32F4xx_HAL_Driver/Src/stm32f4xx_hal_flash.o" --specs=nano.specs -mfpu=fpv4-sp-d16 -mfloat-abi=hard -mthumb -o "Drivers/STM32F4xx_HAL_Driver/Src/stm32f4xx_hal_flash.o"
arm-none-eabi-gcc "../Drivers/STM32F4xx_HAL_Driver/Src/stm32f4xx_hal_flash_ex.c" -mcpu=cortex-m4 -std=gnu11 -g3 -DDEBUG -DUSE_HAL_DRIVER -DSTM32F401xE -c -I../Core/Inc -I../Drivers/STM32F4xx_HAL_Driver/Inc -I../Drivers/STM32F4xx_HAL_Driver/Inc/Legacy -I../Drivers/CMSIS/Device/ST/STM32F4xx/Include -I../Drivers/CMSIS/Include -O0 -ffunction-sections -fdata-sections -Wall -fstack-usage -fcyclomatic-complexity -MMD -MP -MF"Drivers/STM32F4xx_HAL_Driver/Src/stm32f4xx_hal_flash_ex.d" -MT"Drivers/STM32F4xx_HAL_Driver/Src/stm32f4xx_hal_flash_ex.o" --specs=nano.specs -mfpu=fpv4-sp-d16 -mfloat-abi=hard -mthumb -o "Drivers/STM32F4xx_HAL_Driver/Src/stm32f4xx_hal_flash_ex.o"
arm-none-eabi-gcc "../Drivers/STM32F4xx_HAL_Driver/Src/stm32f4xx_hal_flash_ramfunc.c" -mcpu=cortex-m4 -std=gnu11 -g3 -DDEBUG -DUSE_HAL_DRIVER -DSTM32F401xE -c -I../Core/Inc -I../Drivers/STM32F4xx_HAL_Driver/Inc -I../Drivers/STM32F4xx_HAL_Driver/Inc/Legacy -I../Drivers/CMSIS/Device/ST/STM32F4xx/Include -I../Drivers/CMSIS/Include -O0 -ffunction-sections -fdata-sections -Wall -fstack-usage -fcyclomatic-complexity -MMD -MP -MF"Drivers/STM32F4xx_HAL_Driver/Src/stm32f4xx_hal_flash_ramfunc.d" -MT"Drivers/STM32F4xx_HAL_Driver/Src/stm32f4xx_hal_flash_ramfunc.o" --specs=nano.specs -mfpu=fpv4-sp-d16 -mfloat-abi=hard -mthumb -o "Drivers/STM32F4xx_HAL_Driver/Src/stm32f4xx_hal_flash_ramfunc.o"
arm-none-eabi-gcc "../Drivers/STM32F4xx_HAL_Driver/Src/stm32f4xx_hal_gpio.c" -mcpu=cortex-m4 -std=gnu11 -g3 -DDEBUG -DUSE_HAL_DRIVER -DSTM32F401xE -c -I../Core/Inc -I../Drivers/STM32F4xx_HAL_Driver/Inc -I../Drivers/STM32F4xx_HAL_Driver/Inc/Legacy -I../Drivers/CMSIS/Device/ST/STM32F4xx/Include -I../Drivers/CMSIS/Include -O0 -ffunction-sections -fdata-sections -Wall -fstack-usage -fcyclomatic-complexity -MMD -MP -MF"Drivers/STM32F4xx_HAL_Driver/Src/stm32f4xx_hal_gpio.d" -MT"Drivers/STM32F4xx_HAL_Driver/Src/stm32f4xx_hal_gpio.o" --specs=nano.specs -mfpu=fpv4-sp-d16 -mfloat-abi=hard -mthumb -o "Drivers/STM32F4xx_HAL_Driver/Src/stm32f4xx_hal_gpio.o"
arm-none-eabi-gcc "../Drivers/STM32F4xx_HAL_Driver/Src/stm32f4xx_hal_i2c.c" -mcpu=cortex-m4 -std=gnu11 -g3 -DDEBUG -DUSE_HAL_DRIVER -DSTM32F401xE -c -I../Core/Inc -I../Drivers/STM32F4xx_HAL_Driver/Inc -I../Drivers/STM32F4xx_HAL_Driver/Inc/Legacy -I../Drivers/CMSIS/Device/ST/STM32F4xx/Include -I../Drivers/CMSIS/Include -O0 -ffunction-sections -fdata-sections -Wall -fstack-usage -fcyclomatic-complexity -MMD -MP -MF"Drivers/STM32F4xx_HAL_Driver/Src/stm32f4xx_hal_i2c.d" -MT"Drivers/STM32F4xx_HAL_Driver/Src/stm32f4xx_hal_i2c.o" --specs=nano.specs -mfpu=fpv4-sp-d16 -mfloat-abi=hard -mthumb -o "Drivers/STM32F4xx_HAL_Driver/Src/stm32f4xx_hal_i2c.o"
arm-none-eabi-gcc "../Drivers/STM32F4xx_HAL_Driver/Src/stm32f4xx_hal_i2c_ex.c" -mcpu=cortex-m4 -std=gnu11 -g3 -DDEBUG -DUSE_HAL_DRIVER -DSTM32F401xE -c -I../Core/Inc -I../Drivers/STM32F4xx_HAL_Driver/Inc -I../Drivers/STM32F4xx_HAL_Driver/Inc/Legacy -I../Drivers/CMSIS/Device/ST/STM32F4xx/Include -I../Drivers/CMSIS/Include -O0 -ffunction-sections -fdata-sections -Wall -fstack-usage -fcyclomatic-complexity -MMD -MP -MF"Drivers/STM32F4xx_HAL_Driver/Src/stm32f4xx_hal_i2c_ex.d" -MT"Drivers/STM32F4xx_HAL_Driver/Src/stm32f4xx_hal_i2c_ex.o" --specs=nano.specs -mfpu=fpv4-sp-d16 -mfloat-abi=hard -mthumb -o "Drivers/STM32F4xx_HAL_Driver/Src/stm32f4xx_hal_i2c_ex.o"
arm-none-eabi-gcc "../Drivers/STM32F4xx_HAL_Driver/Src/stm32f4xx_hal_pwr.c" -mcpu=cortex-m4 -std=gnu11 -g3 -DDEBUG -DUSE_HAL_DRIVER -DSTM32F401xE -c -I../Core/Inc -I../Drivers/STM32F4xx_HAL_Driver/Inc -I../Drivers/STM32F4xx_HAL_Driver/Inc/Legacy -I../Drivers/CMSIS/Device/ST/STM32F4xx/Include -I../Drivers/CMSIS/Include -O0 -ffunction-sections -fdata-sections -Wall -fstack-usage -fcyclomatic-complexity -MMD -MP -MF"Drivers/STM32F4xx_HAL_Driver/Src/stm32f4xx_hal_pwr.d" -MT"Drivers/STM32F4xx_HAL_Driver/Src/stm32f4xx_hal_pwr.o" --specs=nano.specs -mfpu=fpv4-sp-d16 -mfloat-abi=hard -mthumb -o "Drivers/STM32F4xx_HAL_Driver/Src/stm32f4xx_hal_pwr.o"
arm-none-eabi-gcc "../Drivers/STM32F4xx_HAL_Driver/Src/stm32f4xx_hal_pwr_ex.c" -mcpu=cortex-m4 -std=gnu11 -g3 -DDEBUG -DUSE_HAL_DRIVER -DSTM32F401xE -c -I../Core/Inc -I../Drivers/STM32F4xx_HAL_Driver/Inc -I../Drivers/STM32F4xx_HAL_Driver/Inc/Legacy -I../Drivers/CMSIS/Device/ST/STM32F4xx/Include -I../Drivers/CMSIS/Include -O0 -ffunction-sections -fdata-sections -Wall -fstack-usage -fcyclomatic-complexity -MMD -MP -MF"Drivers/STM32F4xx_HAL_Driver/Src/stm32f4xx_hal_pwr_ex.d" -MT"Drivers/STM32F4xx_HAL_Driver/Src/stm32f4xx_hal_pwr_ex.o" --specs=nano.specs -mfpu=fpv4-sp-d16 -mfloat-abi=hard -mthumb -o "Drivers/STM32F4xx_HAL_Driver/Src/stm32f4xx_hal_pwr_ex.o"
arm-none-eabi-gcc "../Drivers/STM32F4xx_HAL_Driver/Src/stm32f4xx_hal_rcc.c" -mcpu=cortex-m4 -std=gnu11 -g3 -DDEBUG -DUSE_HAL_DRIVER -DSTM32F401xE -c -I../Core/Inc -I../Drivers/STM32F4xx_HAL_Driver/Inc -I../Drivers/STM32F4xx_HAL_Driver/Inc/Legacy -I../Drivers/CMSIS/Device/ST/STM32F4xx/Include -I../Drivers/CMSIS/Include -O0 -ffunction-sections -fdata-sections -Wall -fstack-usage -fcyclomatic-complexity -MMD -MP -MF"Drivers/STM32F4xx_HAL_Driver/Src/stm32f4xx_hal_rcc.d" -MT"Drivers/STM32F4xx_HAL_Driver/Src/stm32f4xx_hal_rcc.o" --specs=nano.specs -mfpu=fpv4-sp-d16 -mfloat-abi=hard -mthumb -o "Drivers/STM32F4xx_HAL_Driver/Src/stm32f4xx_hal_rcc.o"
arm-none-eabi-gcc "../Drivers/STM32F4xx_HAL_Driver/Src/stm32f4xx_hal_rcc_ex.c" -mcpu=cortex-m4 -std=gnu11 -g3 -DDEBUG -DUSE_HAL_DRIVER -DSTM32F401xE -c -I../Core/Inc -I../Drivers/STM32F4xx_HAL_Driver/Inc -I../Drivers/STM32F4xx_HAL_Driver/Inc/Legacy -I../Drivers/CMSIS/Device/ST/STM32F4xx/Include -I../Drivers/CMSIS/Include -O0 -ffunction-sections -fdata-sections -Wall -fstack-usage -fcyclomatic-complexity -MMD -MP -MF"Drivers/STM32F4xx_HAL_Driver/Src/stm32f4xx_hal_rcc_ex.d" -MT"Drivers/STM32F4xx_HAL_Driver/Src/stm32f4xx_hal_rcc_ex.o" --specs=nano.specs -mfpu=fpv4-sp-d16 -mfloat-abi=hard -mthumb -o "Drivers/STM32F4xx_HAL_Driver/Src/stm32f4xx_hal_rcc_ex.o"
arm-none-eabi-gcc "../Drivers/STM32F4xx_HAL_Driver/Src/stm32f4xx_hal_tim.c" -mcpu=cortex-m4 -std=gnu11 -g3 -DDEBUG -DUSE_HAL_DRIVER -DSTM32F401xE -c -I../Core/Inc -I../Drivers/STM32F4xx_HAL_Driver/Inc -I../Drivers/STM32F4xx_HAL_Driver/Inc/Legacy -I../Drivers/CMSIS/Device/ST/STM32F4xx/Include -I../Drivers/CMSIS/Include -O0 -ffunction-sections -fdata-sections -Wall -fstack-usage -fcyclomatic-complexity -MMD -MP -MF"Drivers/STM32F4xx_HAL_Driver/Src/stm32f4xx_hal_tim.d" -MT"Drivers/STM32F4xx_HAL_Driver/Src/stm32f4xx_hal_tim.o" --specs=nano.specs -mfpu=fpv4-sp-d16 -mfloat-abi=hard -mthumb -o "Drivers/STM32F4xx_HAL_Driver/Src/stm32f4xx_hal_tim.o"
arm-none-eabi-gcc "../Drivers/STM32F4xx_HAL_Driver/Src/stm32f4xx_hal_tim_ex.c" -mcpu=cortex-m4 -std=gnu11 -g3 -DDEBUG -DUSE_HAL_DRIVER -DSTM32F401xE -c -I../Core/Inc -I../Drivers/STM32F4xx_HAL_Driver/Inc -I../Drivers/STM32F4xx_HAL_Driver/Inc/Legacy -I../Drivers/CMSIS/Device/ST/STM32F4xx/Include -I../Drivers/CMSIS/Include -O0 -ffunction-sections -fdata-sections -Wall -fstack-usage -fcyclomatic-complexity -MMD -MP -MF"Drivers/STM32F4xx_HAL_Driver/Src/stm32f4xx_hal_tim_ex.d" -MT"Drivers/STM32F4xx_HAL_Driver/Src/stm32f4xx_hal_tim_ex.o" --specs=nano.specs -mfpu=fpv4-sp-d16 -mfloat-abi=hard -mthumb -o "Drivers/STM32F4xx_HAL_Driver/Src/stm32f4xx_hal_tim_ex.o"
arm-none-eabi-gcc "../Core/Src/main.c" -mcpu=cortex-m4 -std=gnu11 -g3 -DDEBUG -DUSE_HAL_DRIVER -DSTM32F401xE -c -I../Core/Inc -I../Drivers/STM32F4xx_HAL_Driver/Inc -I../Drivers/STM32F4xx_HAL_Driver/Inc/Legacy -I../Drivers/CMSIS/Device/ST/STM32F4xx/Include -I../Drivers/CMSIS/Include -O0 -ffunction-sections -fdata-sections -Wall -fstack-usage -fcyclomatic-complexity -MMD -MP -MF"Core/Src/main.d" -MT"Core/Src/main.o" --specs=nano.specs -mfpu=fpv4-sp-d16 -mfloat-abi=hard -mthumb -o "Core/Src/main.o"
arm-none-eabi-gcc "../Core/Src/stm32f4xx_hal_msp.c" -mcpu=cortex-m4 -std=gnu11 -g3 -DDEBUG -DUSE_HAL_DRIVER -DSTM32F401xE -c -I../Core/Inc -I../Drivers/STM32F4xx_HAL_Driver/Inc -I../Drivers/STM32F4xx_HAL_Driver/Inc/Legacy -I../Drivers/CMSIS/Device/ST/STM32F4xx/Include -I../Drivers/CMSIS/Include -O0 -ffunction-sections -fdata-sections -Wall -fstack-usage -fcyclomatic-complexity -MMD -MP -MF"Core/Src/stm32f4xx_hal_msp.d" -MT"Core/Src/stm32f4xx_hal_msp.o" --specs=nano.specs -mfpu=fpv4-sp-d16 -mfloat-abi=hard -mthumb -o "Core/Src/stm32f4xx_hal_msp.o"
arm-none-eabi-gcc "../Core/Src/stm32f4xx_it.c" -mcpu=cortex-m4 -std=gnu11 -g3 -DDEBUG -DUSE_HAL_DRIVER -DSTM32F401xE -c -I../Core/Inc -I../Drivers/STM32F4xx_HAL_Driver/Inc -I../Drivers/STM32F4xx_HAL_Driver/Inc/Legacy -I../Drivers/CMSIS/Device/ST/STM32F4xx/Include -I../Drivers/CMSIS/Include -O0 -ffunction-sections -fdata-sections -Wall -fstack-usage -fcyclomatic-complexity -MMD -MP -MF"Core/Src/stm32f4xx_it.d" -MT"Core/Src/stm32f4xx_it.o" --specs=nano.specs -mfpu=fpv4-sp-d16 -mfloat-abi=hard -mthumb -o "Core/Src/stm32f4xx_it.o"
../Core/Src/main.c: In function 'PCA9685_SetBit':
../Core/Src/main.c:113:11: warning: implicit declaration of function 'printf' [-Wimplicit-function-declaration]
  113 |           printf("I2C FAIL: Read bit reg 0x%02X\n", Register);
      |           ^~~~~~
../Core/Src/main.c:21:1: note: include '<stdio.h>' or provide a declaration of 'printf'
   20 | #include "main.h"
  +++ |+#include <stdio.h>
   21 | 
../Core/Src/main.c:113:11: warning: incompatible implicit declaration of built-in function 'printf' [-Wbuiltin-declaration-mismatch]
  113 |           printf("I2C FAIL: Read bit reg 0x%02X\n", Register);
      |           ^~~~~~
../Core/Src/main.c:113:11: note: include '<stdio.h>' or provide a declaration of 'printf'
../Core/Src/main.c: In function 'PCA9685_SetPWM':
../Core/Src/main.c:159:11: warning: incompatible implicit declaration of built-in function 'printf' [-Wbuiltin-declaration-mismatch]
  159 |           printf("I2C FAIL: PWM write ch %d\n", Channel);
      |           ^~~~~~
../Core/Src/main.c:159:11: note: include '<stdio.h>' or provide a declaration of 'printf'
arm-none-eabi-gcc "../Core/Src/system_stm32f4xx.c" -mcpu=cortex-m4 -std=gnu11 -g3 -DDEBUG -DUSE_HAL_DRIVER -DSTM32F401xE -c -I../Core/Inc -I../Drivers/STM32F4xx_HAL_Driver/Inc -I../Drivers/STM32F4xx_HAL_Driver/Inc/Legacy -I../Drivers/CMSIS/Device/ST/STM32F4xx/Include -I../Drivers/CMSIS/Include -O0 -ffunction-sections -fdata-sections -Wall -fstack-usage -fcyclomatic-complexity -MMD -MP -MF"Core/Src/system_stm32f4xx.d" -MT"Core/Src/system_stm32f4xx.o" --specs=nano.specs -mfpu=fpv4-sp-d16 -mfloat-abi=hard -mthumb -o "Core/Src/system_stm32f4xx.o"
arm-none-eabi-gcc -o "capstone.elf" @"objects.list"   -mcpu=cortex-m4 -T"/Users/crystalhuang/Documents/capstone/F25-ece-capstone-livepin/stm32/cubeide_workspace2/capstone/STM32F401RETX_FLASH.ld" --specs=nosys.specs -Wl,-Map="capstone.map" -Wl,--gc-sections -static --specs=nano.specs -mfpu=fpv4-sp-d16 -mfloat-abi=hard -mthumb -Wl,--start-group -lc -lm -Wl,--end-group
Finished building target: capstone.elf
 
arm-none-eabi-size  capstone.elf 
arm-none-eabi-objdump -h -S capstone.elf  > "capstone.list"
   text	   data	    bss	    dec	    hex	filename
   9396	     12	   1740	  11148	   2b8c	capstone.elf
Finished building: default.size.stdout
 
Finished building: capstone.list
 
22:32:53 **** Incremental Build of configuration Debug for project capstone ****
make -j7 all 
arm-none-eabi-gcc "../Core/Src/main.c" -mcpu=cortex-m4 -std=gnu11 -g3 -DDEBUG -DUSE_HAL_DRIVER -DSTM32F401xE -c -I../Core/Inc -I../Drivers/STM32F4xx_HAL_Driver/Inc -I../Drivers/STM32F4xx_HAL_Driver/Inc/Legacy -I../Drivers/CMSIS/Device/ST/STM32F4xx/Include -I../Drivers/CMSIS/Include -O0 -ffunction-sections -fdata-sections -Wall -fstack-usage -fcyclomatic-complexity -MMD -MP -MF"Core/Src/main.d" -MT"Core/Src/main.o" --specs=nano.specs -mfpu=fpv4-sp-d16 -mfloat-abi=hard -mthumb -o "Core/Src/main.o"
../Core/Src/main.c: In function 'PCA9685_SetBit':
../Core/Src/main.c:113:11: warning: implicit declaration of function 'printf' [-Wimplicit-function-declaration]
  113 |           printf("I2C FAIL: Read bit reg 0x%02X\n", Register);
      |           ^~~~~~
../Core/Src/main.c:21:1: note: include '<stdio.h>' or provide a declaration of 'printf'
   20 | #include "main.h"
  +++ |+#include <stdio.h>
   21 | 
../Core/Src/main.c:113:11: warning: incompatible implicit declaration of built-in function 'printf' [-Wbuiltin-declaration-mismatch]
  113 |           printf("I2C FAIL: Read bit reg 0x%02X\n", Register);
      |           ^~~~~~
../Core/Src/main.c:113:11: note: include '<stdio.h>' or provide a declaration of 'printf'
../Core/Src/main.c: In function 'PCA9685_SetPWM':
../Core/Src/main.c:159:11: warning: incompatible implicit declaration of built-in function 'printf' [-Wbuiltin-declaration-mismatch]
  159 |           printf("I2C FAIL: PWM write ch %d\n", Channel);
      |           ^~~~~~
../Core/Src/main.c:159:11: note: include '<stdio.h>' or provide a declaration of 'printf'
arm-none-eabi-gcc -o "capstone.elf" @"objects.list"   -mcpu=cortex-m4 -T"/Users/crystalhuang/Documents/capstone/F25-ece-capstone-livepin/stm32/cubeide_workspace2/capstone/STM32F401RETX_FLASH.ld" --specs=nosys.specs -Wl,-Map="capstone.map" -Wl,--gc-sections -static --specs=nano.specs -mfpu=fpv4-sp-d16 -mfloat-abi=hard -mthumb -Wl,--start-group -lc -lm -Wl,--end-group
Finished building target: capstone.elf
 
arm-none-eabi-size  capstone.elf 
arm-none-eabi-objdump -h -S capstone.elf  > "capstone.list"
   text	   data	    bss	    dec	    hex	filename
   9548	     12	   1740	  11300	   2c24	capstone.elf
Finished building: default.size.stdout
 
Finished building: capstone.list
 
